Component: ARM Compiler 6.14 Tool: armlink [5db06800]

==============================================================================

Section Cross References

    empty.o(.text) refers (Special) to _printf_d.o(.ARM.Collect$$_printf_percent$$00000009) for _printf_d
    empty.o(.text) refers (Special) to _printf_dec.o(.text) for _printf_int_dec
    empty.o(.text) refers (Special) to _printf_percent.o(.ARM.Collect$$_printf_percent$$00000000) for _printf_percent
    empty.o(.text.turn_dirction) refers (Special) to _printf_d.o(.ARM.Collect$$_printf_percent$$00000009) for _printf_d
    empty.o(.text.turn_dirction) refers (Special) to _printf_dec.o(.text) for _printf_int_dec
    empty.o(.text.turn_dirction) refers (Special) to _printf_percent.o(.ARM.Collect$$_printf_percent$$00000000) for _printf_percent
    empty.o(.text.turn_dirction) refers to faddsub.o(x$fpl$fadd) for __aeabi_fadd
    empty.o(.text.turn_dirction) refers to fcmp.o(i._fls) for __aeabi_fcmplt
    empty.o(.text.turn_dirction) refers to fcmp.o(i._fgr) for __aeabi_fcmpgt
    empty.o(.text.turn_dirction) refers to board.o(.bss.base_direction) for base_direction
    empty.o(.ARM.exidx.text.turn_dirction) refers (Special) to _printf_d.o(.ARM.Collect$$_printf_percent$$00000009) for _printf_d
    empty.o(.ARM.exidx.text.turn_dirction) refers (Special) to _printf_dec.o(.text) for _printf_int_dec
    empty.o(.ARM.exidx.text.turn_dirction) refers (Special) to _printf_percent.o(.ARM.Collect$$_printf_percent$$00000000) for _printf_percent
    empty.o(.ARM.exidx.text.turn_dirction) refers to empty.o(.text.turn_dirction) for [Anonymous Symbol]
    empty.o(.text.main) refers (Special) to _printf_d.o(.ARM.Collect$$_printf_percent$$00000009) for _printf_d
    empty.o(.text.main) refers (Special) to _printf_dec.o(.text) for _printf_int_dec
    empty.o(.text.main) refers (Special) to _printf_percent.o(.ARM.Collect$$_printf_percent$$00000000) for _printf_percent
    empty.o(.text.main) refers to board.o(.text.board_init) for board_init
    empty.o(.text.main) refers to i2c_app.o(.text.i2c_app_write) for i2c_app_write
    empty.o(.text.main) refers to i2c_app.o(.text.i2c_app_read) for i2c_app_read
    empty.o(.text.main) refers to pid.o(.text.PIDController_Init) for PIDController_Init
    empty.o(.text.main) refers to puts.o(.text) for puts
    empty.o(.text.main) refers to motor.o(.text.motor_control) for motor_control
    empty.o(.text.main) refers to f2d.o(.text) for __aeabi_f2d
    empty.o(.text.main) refers to daddsub.o(.text) for __aeabi_dadd
    empty.o(.text.main) refers to d2f.o(.text) for __aeabi_d2f
    empty.o(.text.main) refers to pid.o(.text.yaw_return) for yaw_return
    empty.o(.text.main) refers to faddsub.o(x$fpl$fsub) for __aeabi_fsub
    empty.o(.text.main) refers to fcmp.o(i._fleq) for __aeabi_fcmple
    empty.o(.text.main) refers to fcmp.o(i._fgr) for __aeabi_fcmpgt
    empty.o(.text.main) refers to faddsub.o(x$fpl$fadd) for __aeabi_fadd
    empty.o(.text.main) refers to empty.o(.data.pid) for pid
    empty.o(.text.main) refers to empty.o(.data.trace_pid) for trace_pid
    empty.o(.text.main) refers to empty.o(.data.yaw_pid) for yaw_pid
    empty.o(.text.main) refers to board.o(.bss.sound_flag) for sound_flag
    empty.o(.text.main) refers to board.o(.bss.start_flag) for start_flag
    empty.o(.text.main) refers to empty.o(.data.event_lock) for event_lock
    empty.o(.text.main) refers to empty.o(.bss.trace_flag) for trace_flag
    empty.o(.text.main) refers to bsp_jy901.o(.bss.jy901_yaw) for jy901_yaw
    empty.o(.text.main) refers to board.o(.bss.task) for task
    empty.o(.text.main) refers to empty.o(.bss.event_task) for event_task
    empty.o(.text.main) refers to empty.o(.bss.distance_1m_receive) for distance_1m_receive
    empty.o(.text.main) refers to empty.o(.bss.distance_1m_flag) for distance_1m_flag
    empty.o(.text.main) refers to motor.o(.data.defaultwheel) for defaultwheel
    empty.o(.text.main) refers to board.o(.bss.base_direction) for base_direction
    empty.o(.text.main) refers to empty.o(.bss.yaw_expt) for yaw_expt
    empty.o(.text.main) refers to board.o(.bss.base_BackDirection) for base_BackDirection
    empty.o(.text.main) refers to empty.o(.bss.line_no_check) for line_no_check
    empty.o(.text.main) refers to empty.o(.bss.nearingTheEnd) for nearingTheEnd
    empty.o(.text.main) refers to fcmp.o(i._fgeq) for __aeabi_fcmpge
    empty.o(.text.main) refers to fcmp.o(i._fls) for __aeabi_fcmplt
    empty.o(.text.main) refers to board.o(.text.delay_ms) for delay_ms
    empty.o(.text.main) refers to empty.o(.bss.yaw_control_flag) for yaw_control_flag
    empty.o(.text.main) refers to empty.o(.bss.task4_power_plus) for task4_power_plus
    empty.o(.text.main) refers to empty.o(.bss.ground) for ground
    empty.o(.text.main) refers to ffixi.o(.text) for __aeabi_f2iz
    empty.o(.text.main) refers to noretval__2printf.o(.text) for __2printf
    empty.o(.text.main) refers to trace.o(.text.trace_check) for trace_check
[...]
    dl_dac12.c                               0x00000000   Number         0  dl_dac12.o ABSOLUTE
    dl_dma.c                                 0x00000000   Number         0  dl_dma.o ABSOLUTE
    dl_flashctl.c                            0x00000000   Number         0  dl_flashctl.o ABSOLUTE
    dl_i2c.c                                 0x00000000   Number         0  dl_i2c.o ABSOLUTE
    dl_keystorectl.c                         0x00000000   Number         0  dl_keystorectl.o ABSOLUTE
    dl_lcd.c                                 0x00000000   Number         0  dl_lcd.o ABSOLUTE
    dl_lfss.c                                0x00000000   Number         0  dl_lfss.o ABSOLUTE
    dl_mathacl.c                             0x00000000   Number         0  dl_mathacl.o ABSOLUTE
    dl_mcan.c                                0x00000000   Number         0  dl_mcan.o ABSOLUTE
    dl_opa.c                                 0x00000000   Number         0  dl_opa.o ABSOLUTE
    dl_rtc_common.c                          0x00000000   Number         0  dl_rtc_common.o ABSOLUTE
    dl_spi.c                                 0x00000000   Number         0  dl_spi.o ABSOLUTE
    dl_timer.c                               0x00000000   Number         0  dl_timer.o ABSOLUTE
    dl_trng.c                                0x00000000   Number         0  dl_trng.o ABSOLUTE
    dl_uart.c                                0x00000000   Number         0  dl_uart.o ABSOLUTE
    dl_vref.c                                0x00000000   Number         0  dl_vref.o ABSOLUTE
    empty.c                                  0x00000000   Number         0  empty.o ABSOLUTE
    i2c_app.c                                0x00000000   Number         0  i2c_app.o ABSOLUTE
    motor.c                                  0x00000000   Number         0  motor.o ABSOLUTE
    pid.c                                    0x00000000   Number         0  pid.o ABSOLUTE
    startup_mspm0l130x_uvision.s             0x00000000   Number         0  startup_mspm0l130x_uvision.o ABSOLUTE
    sw_i2c.c                                 0x00000000   Number         0  sw_i2c.o ABSOLUTE
    ti_msp_dl_config.c                       0x00000000   Number         0  ti_msp_dl_config.o ABSOLUTE
    trace.c                                  0x00000000   Number         0  trace.o ABSOLUTE
    RESET                                    0x00000000   Section      192  startup_mspm0l130x_uvision.o(RESET)
    !!!main                                  0x000000c0   Section        8  __main.o(!!!main)
    !!!scatter                               0x000000c8   Section       60  __scatter.o(!!!scatter)
    !!handler_copy                           0x00000108   Section       26  __scatter_copy.o(!!handler_copy)
    !!handler_zi                             0x00000128   Section       28  __scatter_zi.o(!!handler_zi)
    .ARM.Collect$$_printf_percent$$00000000  0x00000144   Section        2  _printf_percent.o(.ARM.Collect$$_printf_percent$$00000000)
    .ARM.Collect$$_printf_percent$$00000009  0x00000146   Section       10  _printf_d.o(.ARM.Collect$$_printf_percent$$00000009)
    .ARM.Collect$$_printf_percent$$00000017  0x00000150   Section        4  _printf_percent_end.o(.ARM.Collect$$_printf_percent$$00000017)
    .ARM.Collect$$libinit$$00000000          0x00000154   Section        2  libinit.o(.ARM.Collect$$libinit$$00000000)
    .ARM.Collect$$libinit$$00000002          0x00000156   Section        0  libinit2.o(.ARM.Collect$$libinit$$00000002)
    .ARM.Collect$$libinit$$00000004          0x00000156   Section        0  libinit2.o(.ARM.Collect$$libinit$$00000004)
    .ARM.Collect$$libinit$$0000000A          0x00000156   Section        0  libinit2.o(.ARM.Collect$$libinit$$0000000A)
    .ARM.Collect$$libinit$$0000000C          0x00000156   Section        0  libinit2.o(.ARM.Collect$$libinit$$0000000C)
    .ARM.Collect$$libinit$$0000000E          0x00000156   Section        0  libinit2.o(.ARM.Collect$$libinit$$0000000E)
    .ARM.Collect$$libinit$$00000011          0x00000156   Section        0  libinit2.o(.ARM.Collect$$libinit$$00000011)
    .ARM.Collect$$libinit$$00000013          0x00000156   Section        0  libinit2.o(.ARM.Collect$$libinit$$00000013)
    .ARM.Collect$$libinit$$00000015          0x00000156   Section        0  libinit2.o(.ARM.Collect$$libinit$$00000015)
    .ARM.Collect$$libinit$$00000017          0x00000156   Section        0  libinit2.o(.ARM.Collect$$libinit$$00000017)
    .ARM.Collect$$libinit$$00000019          0x00000156   Section        0  libinit2.o(.ARM.Collect$$libinit$$00000019)
    .ARM.Collect$$libinit$$0000001B          0x00000156   Section        0  libinit2.o(.ARM.Collect$$libinit$$0000001B)
    .ARM.Collect$$libinit$$0000001D          0x00000156   Section        0  libinit2.o(.ARM.Collect$$libinit$$0000001D)
    .ARM.Collect$$libinit$$0000001F          0x00000156   Section        0  libinit2.o(.ARM.Collect$$libinit$$0000001F)
    .ARM.Collect$$libinit$$00000021          0x00000156   Section        0  libinit2.o(.ARM.Collect$$libinit$$00000021)
    .ARM.Collect$$libinit$$00000023          0x00000156   Section        0  libinit2.o(.ARM.Collect$$libinit$$00000023)
    .ARM.Collect$$libinit$$00000025          0x00000156   Section        0  libinit2.o(.ARM.Collect$$libinit$$00000025)
    .ARM.Collect$$libinit$$0000002C          0x00000156   Section        0  libinit2.o(.ARM.Collect$$libinit$$0000002C)
    .ARM.Collect$$libinit$$0000002E          0x00000156   Section        0  libinit2.o(.ARM.Collect$$libinit$$0000002E)
    .ARM.Collect$$libinit$$00000030          0x00000156   Section        0  libinit2.o(.ARM.Collect$$libinit$$00000030)
    .ARM.Collect$$libinit$$00000032          0x00000156   Section        0  libinit2.o(.ARM.Collect$$libinit$$00000032)
    .ARM.Collect$$libinit$$00000033          0x00000156   Section        2  libinit2.o(.ARM.Collect$$libinit$$00000033)
    .ARM.Collect$$libshutdown$$00000000      0x00000158   Section        2  libshutdown.o(.ARM.Collect$$libshutdown$$00000000)
    .ARM.Collect$$libshutdown$$00000002      0x0000015a   Section        0  libshutdown2.o(.ARM.Collect$$libshutdown$$00000002)
    .ARM.Collect$$libshutdown$$00000004      0x0000015a   Section        0  libshutdown2.o(.ARM.Collect$$libshutdown$$00000004)
    .ARM.Collect$$libshutdown$$00000007      0x0000015a   Section        0  libshutdown2.o(.ARM.Collect$$libshutdown$$00000007)
    .ARM.Collect$$libshutdown$$0000000A      0x0000015a   Section        0  libshutdown2.o(.ARM.Collect$$libshutdown$$0000000A)
    .ARM.Collect$$libshutdown$$0000000C      0x0000015a   Section        0  libshutdown2.o(.ARM.Collect$$libshutdown$$0000000C)
    .ARM.Collect$$libshutdown$$0000000F      0x0000015a   Section        0  libshutdown2.o(.ARM.Collect$$libshutdown$$0000000F)
    .ARM.Collect$$libshutdown$$00000010      0x0000015a   Section        2  libshutdown2.o(.ARM.Collect$$libshutdown$$00000010)
    .ARM.Collect$$rtentry$$00000000          0x0000015c   Section        0  __rtentry.o(.ARM.Collect$$rtentry$$00000000)
    .ARM.Collect$$rtentry$$00000002          0x0000015c   Section        0  __rtentry2.o(.ARM.Collect$$rtentry$$00000002)
    .ARM.Collect$$rtentry$$00000004          0x0000015c   Section        6  __rtentry4.o(.ARM.Collect$$rtentry$$00000004)
    .ARM.Collect$$rtentry$$00000009          0x00000162   Section        0  __rtentry2.o(.ARM.Collect$$rtentry$$00000009)
    .ARM.Collect$$rtentry$$0000000A          0x00000162   Section        4  __rtentry2.o(.ARM.Collect$$rtentry$$0000000A)
    .ARM.Collect$$rtentry$$0000000C          0x00000166   Section        0  __rtentry2.o(.ARM.Collect$$rtentry$$0000000C)
    .ARM.Collect$$rtentry$$0000000D          0x00000166   Section        8  __rtentry2.o(.ARM.Collect$$rtentry$$0000000D)
    .ARM.Collect$$rtexit$$00000000           0x0000016e   Section        2  rtexit.o(.ARM.Collect$$rtexit$$00000000)
    .ARM.Collect$$rtexit$$00000002           0x00000170   Section        0  rtexit2.o(.ARM.Collect$$rtexit$$00000002)
    .ARM.Collect$$rtexit$$00000003           0x00000170   Section        4  rtexit2.o(.ARM.Collect$$rtexit$$00000003)
    .ARM.Collect$$rtexit$$00000004           0x00000174   Section        6  rtexit2.o(.ARM.Collect$$rtexit$$00000004)
    .text                                    0x0000017c   Section       48  startup_mspm0l130x_uvision.o(.text)
    .text                                    0x000001ac   Section        0  noretval__2printf.o(.text)
    .text                                    0x000001c8   Section        0  __printf.o(.text)
    .text                                    0x00000234   Section        0  _printf_dec.o(.text)
    .text                                    0x000002a0   Section        0  puts.o(.text)
    .text                                    0x000002cc   Section        0  heapauxi.o(.text)
    .text                                    0x000002d4   Section        0  d2f.o(.text)
    _dadd1                                   0x00000351   Thumb Code   290  daddsub.o(.text)
    .text                                    0x00000350   Section        0  daddsub.o(.text)
    _dsub1                                   0x00000473   Thumb Code   470  daddsub.o(.text)
    .text                                    0x000006a8   Section        0  f2d.o(.text)
    .text                                    0x000006fc   Section        0  fdiv.o(.text)
    .text                                    0x0000085c   Section        0  ffixi.o(.text)
    .text                                    0x000008a8   Section        0  fflti.o(.text)
    .text                                    0x00000906   Section        0  _printf_intcommon.o(.text)
    .text                                    0x000009b8   Section        0  _printf_char_file.o(.text)
    .text                                    0x000009e0   Section        0  rtudiv10.o(.text)
    _printf_input_char                       0x00000a09   Thumb Code    10  _printf_char_common.o(.text)
    .text                                    0x00000a08   Section        0  _printf_char_common.o(.text)
    .text                                    0x00000a38   Section        0  ferror.o(.text)
    .text                                    0x00000a40   Section        0  fcmpin.o(.text)
    .text                                    0x00000aa4   Section       62  sys_stackheap_outer.o(.text)
    .text                                    0x00000ae2   Section        0  exit.o(.text)
    .text                                    0x00000af2   Section        0  cmpret.o(.text)
    .text                                    0x00000b20   Section        0  fnan2.o(.text)
    .text                                    0x00000b30   Section        8  libspace.o(.text)
    .text                                    0x00000b38   Section        0  retnan.o(.text)
    [Anonymous Symbol]                       0x00000b98   Section        0  bsp_adc.o(.text.ADC0_IRQHandler)
    __arm_cp.3_0                             0x00000bb4   Number         4  bsp_adc.o(.text.ADC0_IRQHandler)
    __arm_cp.3_1                             0x00000bb8   Number         4  bsp_adc.o(.text.ADC0_IRQHandler)
    __arm_cp.3_2                             0x00000bbc   Number         4  bsp_adc.o(.text.ADC0_IRQHandler)
    [Anonymous Symbol]                       0x00000bc0   Section        0  dl_adc12.o(.text.DL_ADC12_setClockConfig)
    __arm_cp.0_0                             0x00000bf8   Number         4  dl_adc12.o(.text.DL_ADC12_setClockConfig)
    __arm_cp.0_1                             0x00000bfc   Number         4  dl_adc12.o(.text.DL_ADC12_setClockConfig)
    [Anonymous Symbol]                       0x00000c00   Section        0  dl_common.o(.text.DL_Common_delayCycles)
    [Anonymous Symbol]                       0x00000c0a   Section        0  dl_i2c.o(.text.DL_I2C_fillControllerTXFIFO)
    [Anonymous Symbol]                       0x00000c36   Section        0  dl_i2c.o(.text.DL_I2C_setClockConfig)
    [Anonymous Symbol]                       0x00000c5c   Section        0  dl_timer.o(.text.DL_Timer_initPWMMode)
    __arm_cp.11_1                            0x00000d08   Number         4  dl_timer.o(.text.DL_Timer_initPWMMode)
    __arm_cp.11_2                            0x00000d0c   Number         4  dl_timer.o(.text.DL_Timer_initPWMMode)
    __arm_cp.11_3                            0x00000d10   Number         4  dl_timer.o(.text.DL_Timer_initPWMMode)
    __arm_cp.11_4                            0x00000d14   Number         4  dl_timer.o(.text.DL_Timer_initPWMMode)
    __arm_cp.11_6                            0x00000d18   Number         4  dl_timer.o(.text.DL_Timer_initPWMMode)
    [Anonymous Symbol]                       0x00000d1c   Section        0  dl_timer.o(.text.DL_Timer_initTimerMode)
    __arm_cp.2_0                             0x00000dfc   Number         4  dl_timer.o(.text.DL_Timer_initTimerMode)
    __arm_cp.2_1                             0x00000e00   Number         4  dl_timer.o(.text.DL_Timer_initTimerMode)
    __arm_cp.2_2                             0x00000e04   Number         4  dl_timer.o(.text.DL_Timer_initTimerMode)
    __arm_cp.2_3                             0x00000e08   Number         4  dl_timer.o(.text.DL_Timer_initTimerMode)
    [Anonymous Symbol]                       0x00000e0c   Section        0  dl_timer.o(.text.DL_Timer_setCaptCompUpdateMethod)
    __arm_cp.18_0                            0x00000e24   Number         4  dl_timer.o(.text.DL_Timer_setCaptCompUpdateMethod)
    [Anonymous Symbol]                       0x00000e28   Section        0  dl_timer.o(.text.DL_Timer_setCaptureCompareOutCtl)
    __arm_cp.13_0                            0x00000e3c   Number         4  dl_timer.o(.text.DL_Timer_setCaptureCompareOutCtl)
    [Anonymous Symbol]                       0x00000e40   Section        0  dl_timer.o(.text.DL_Timer_setCaptureCompareValue)
    __arm_cp.3_0                             0x00000e4c   Number         4  dl_timer.o(.text.DL_Timer_setCaptureCompareValue)
    [Anonymous Symbol]                       0x00000e50   Section        0  dl_timer.o(.text.DL_Timer_setClockConfig)
    __arm_cp.0_0                             0x00000e68   Number         4  dl_timer.o(.text.DL_Timer_setClockConfig)
    [Anonymous Symbol]                       0x00000e6c   Section        0  dl_uart.o(.text.DL_UART_init)
    __arm_cp.0_0                             0x00000eac   Number         4  dl_uart.o(.text.DL_UART_init)
    __arm_cp.0_1                             0x00000eb0   Number         4  dl_uart.o(.text.DL_UART_init)
    [Anonymous Symbol]                       0x00000eb4   Section        0  dl_uart.o(.text.DL_UART_setClockConfig)
    [Anonymous Symbol]                       0x00000ec8   Section        0  board.o(.text.GROUP1_IRQHandler)
    __arm_cp.11_0                            0x000010f0   Number         4  board.o(.text.GROUP1_IRQHandler)
    __arm_cp.11_1                            0x000010f4   Number         4  board.o(.text.GROUP1_IRQHandler)
    __arm_cp.11_2                            0x000010f8   Number         4  board.o(.text.GROUP1_IRQHandler)
    __arm_cp.11_3                            0x000010fc   Number         4  board.o(.text.GROUP1_IRQHandler)
    __arm_cp.11_4                            0x00001100   Number         4  board.o(.text.GROUP1_IRQHandler)
    __arm_cp.11_5                            0x00001104   Number         4  board.o(.text.GROUP1_IRQHandler)
    __arm_cp.11_6                            0x00001108   Number         4  board.o(.text.GROUP1_IRQHandler)
    __arm_cp.11_7                            0x0000110c   Number         4  board.o(.text.GROUP1_IRQHandler)
    __arm_cp.11_8                            0x00001110   Number         4  board.o(.text.GROUP1_IRQHandler)
    __arm_cp.11_9                            0x00001114   Number         4  board.o(.text.GROUP1_IRQHandler)
    __arm_cp.11_10                           0x00001118   Number         4  board.o(.text.GROUP1_IRQHandler)
    __arm_cp.11_11                           0x0000111c   Number         4  board.o(.text.GROUP1_IRQHandler)
    __arm_cp.11_12                           0x00001120   Number         4  board.o(.text.GROUP1_IRQHandler)
    __arm_cp.11_13                           0x00001124   Number         4  board.o(.text.GROUP1_IRQHandler)
    __arm_cp.11_14                           0x00001128   Number         4  board.o(.text.GROUP1_IRQHandler)
    __arm_cp.11_15                           0x0000112c   Number         4  board.o(.text.GROUP1_IRQHandler)
    [Anonymous Symbol]                       0x00001130   Section        0  pid.o(.text.PIDController_Init)
    [Anonymous Symbol]                       0x0000113e   Section        0  pid.o(.text.PIDController_Update)
    [Anonymous Symbol]                       0x000011fc   Section        0  pid.o(.text.PIDController_yaw_Update)
    __arm_cp.2_0                             0x0000131c   Number         4  pid.o(.text.PIDController_yaw_Update)
    __arm_cp.2_1                             0x00001320   Number         4  pid.o(.text.PIDController_yaw_Update)
    __arm_cp.2_2                             0x00001324   Number         4  pid.o(.text.PIDController_yaw_Update)
    __arm_cp.2_3                             0x00001328   Number         4  pid.o(.text.PIDController_yaw_Update)
    [Anonymous Symbol]                       0x0000132c   Section        0  ti_msp_dl_config.o(.text.SYSCFG_DL_GPIO_init)
    __arm_cp.2_0                             0x000013a0   Number         4  ti_msp_dl_config.o(.text.SYSCFG_DL_GPIO_init)
    __arm_cp.2_1                             0x000013a4   Number         4  ti_msp_dl_config.o(.text.SYSCFG_DL_GPIO_init)
    __arm_cp.2_2                             0x000013a8   Number         4  ti_msp_dl_config.o(.text.SYSCFG_DL_GPIO_init)
    __arm_cp.2_3                             0x000013ac   Number         4  ti_msp_dl_config.o(.text.SYSCFG_DL_GPIO_init)
    __arm_cp.2_4                             0x000013b0   Number         4  ti_msp_dl_config.o(.text.SYSCFG_DL_GPIO_init)
    __arm_cp.2_5                             0x000013b4   Number         4  ti_msp_dl_config.o(.text.SYSCFG_DL_GPIO_init)
    __arm_cp.2_6                             0x000013b8   Number         4  ti_msp_dl_config.o(.text.SYSCFG_DL_GPIO_init)
    __arm_cp.2_7                             0x000013bc   Number         4  ti_msp_dl_config.o(.text.SYSCFG_DL_GPIO_init)
    [Anonymous Symbol]                       0x000013c0   Section        0  ti_msp_dl_config.o(.text.SYSCFG_DL_I2C0_init)
    __arm_cp.6_0                             0x00001408   Number         4  ti_msp_dl_config.o(.text.SYSCFG_DL_I2C0_init)
    __arm_cp.6_1                             0x0000140c   Number         4  ti_msp_dl_config.o(.text.SYSCFG_DL_I2C0_init)
    __arm_cp.6_2                             0x00001410   Number         4  ti_msp_dl_config.o(.text.SYSCFG_DL_I2C0_init)
    [Anonymous Symbol]                       0x00001414   Section        0  ti_msp_dl_config.o(.text.SYSCFG_DL_SYSCTL_init)
    __arm_cp.3_0                             0x00001430   Number         4  ti_msp_dl_config.o(.text.SYSCFG_DL_SYSCTL_init)
    __arm_cp.3_1                             0x00001434   Number         4  ti_msp_dl_config.o(.text.SYSCFG_DL_SYSCTL_init)
    [Anonymous Symbol]                       0x00001438   Section        0  ti_msp_dl_config.o(.text.SYSCFG_DL_SYSTICK_init)
    __arm_cp.9_0                             0x0000144c   Number         4  ti_msp_dl_config.o(.text.SYSCFG_DL_SYSTICK_init)
    [Anonymous Symbol]                       0x00001450   Section        0  ti_msp_dl_config.o(.text.SYSCFG_DL_TIMER_0_init)
    __arm_cp.5_0                             0x00001474   Number         4  ti_msp_dl_config.o(.text.SYSCFG_DL_TIMER_0_init)
    __arm_cp.5_1                             0x00001478   Number         4  ti_msp_dl_config.o(.text.SYSCFG_DL_TIMER_0_init)
    __arm_cp.5_2                             0x0000147c   Number         4  ti_msp_dl_config.o(.text.SYSCFG_DL_TIMER_0_init)
    __arm_cp.5_3                             0x00001480   Number         4  ti_msp_dl_config.o(.text.SYSCFG_DL_TIMER_0_init)
    __arm_cp.5_4                             0x00001484   Number         4  ti_msp_dl_config.o(.text.SYSCFG_DL_TIMER_0_init)
    [Anonymous Symbol]                       0x00001488   Section        0  ti_msp_dl_config.o(.text.SYSCFG_DL_UART_0_init)
    __arm_cp.7_0                             0x000014e8   Number         4  ti_msp_dl_config.o(.text.SYSCFG_DL_UART_0_init)
    __arm_cp.7_1                             0x000014ec   Number         4  ti_msp_dl_config.o(.text.SYSCFG_DL_UART_0_init)
    __arm_cp.7_2                             0x000014f0   Number         4  ti_msp_dl_config.o(.text.SYSCFG_DL_UART_0_init)
    __arm_cp.7_3                             0x000014f4   Number         4  ti_msp_dl_config.o(.text.SYSCFG_DL_UART_0_init)
    __arm_cp.7_4                             0x000014f8   Number         4  ti_msp_dl_config.o(.text.SYSCFG_DL_UART_0_init)
    __arm_cp.7_5                             0x000014fc   Number         4  ti_msp_dl_config.o(.text.SYSCFG_DL_UART_0_init)
    __arm_cp.7_6                             0x00001500   Number         4  ti_msp_dl_config.o(.text.SYSCFG_DL_UART_0_init)
    [Anonymous Symbol]                       0x00001504   Section        0  ti_msp_dl_config.o(.text.SYSCFG_DL_adc_init)
    __arm_cp.8_0                             0x00001550   Number         4  ti_msp_dl_config.o(.text.SYSCFG_DL_adc_init)
    __arm_cp.8_1                             0x00001554   Number         4  ti_msp_dl_config.o(.text.SYSCFG_DL_adc_init)
    __arm_cp.8_2                             0x00001558   Number         4  ti_msp_dl_config.o(.text.SYSCFG_DL_adc_init)
    __arm_cp.8_3                             0x0000155c   Number         4  ti_msp_dl_config.o(.text.SYSCFG_DL_adc_init)
    __arm_cp.8_4                             0x00001560   Number         4  ti_msp_dl_config.o(.text.SYSCFG_DL_adc_init)
    __arm_cp.8_5                             0x00001564   Number         4  ti_msp_dl_config.o(.text.SYSCFG_DL_adc_init)
    __arm_cp.8_6                             0x00001568   Number         4  ti_msp_dl_config.o(.text.SYSCFG_DL_adc_init)
    [Anonymous Symbol]                       0x0000156c   Section        0  ti_msp_dl_config.o(.text.SYSCFG_DL_init)
    [Anonymous Symbol]                       0x00001594   Section        0  ti_msp_dl_config.o(.text.SYSCFG_DL_initPower)
    __arm_cp.1_0                             0x000015c8   Number         4  ti_msp_dl_config.o(.text.SYSCFG_DL_initPower)
    __arm_cp.1_1                             0x000015cc   Number         4  ti_msp_dl_config.o(.text.SYSCFG_DL_initPower)
    __arm_cp.1_2                             0x000015d0   Number         4  ti_msp_dl_config.o(.text.SYSCFG_DL_initPower)
    __arm_cp.1_3                             0x000015d4   Number         4  ti_msp_dl_config.o(.text.SYSCFG_DL_initPower)
    __arm_cp.1_4                             0x000015d8   Number         4  ti_msp_dl_config.o(.text.SYSCFG_DL_initPower)
    __arm_cp.1_5                             0x000015dc   Number         4  ti_msp_dl_config.o(.text.SYSCFG_DL_initPower)
    __arm_cp.1_6                             0x000015e0   Number         4  ti_msp_dl_config.o(.text.SYSCFG_DL_initPower)
    __arm_cp.1_7                             0x000015e4   Number         4  ti_msp_dl_config.o(.text.SYSCFG_DL_initPower)
    [Anonymous Symbol]                       0x000015e8   Section        0  ti_msp_dl_config.o(.text.SYSCFG_DL_motor_pwm_init)
    __arm_cp.4_0                             0x00001658   Number         4  ti_msp_dl_config.o(.text.SYSCFG_DL_motor_pwm_init)
    __arm_cp.4_1                             0x0000165c   Number         4  ti_msp_dl_config.o(.text.SYSCFG_DL_motor_pwm_init)
    __arm_cp.4_2                             0x00001660   Number         4  ti_msp_dl_config.o(.text.SYSCFG_DL_motor_pwm_init)
    __arm_cp.4_3                             0x00001664   Number         4  ti_msp_dl_config.o(.text.SYSCFG_DL_motor_pwm_init)
    [Anonymous Symbol]                       0x00001668   Section        0  board.o(.text.TIMG0_IRQHandler)
    __arm_cp.9_0                             0x000016ac   Number         4  board.o(.text.TIMG0_IRQHandler)
    __arm_cp.9_1                             0x000016b0   Number         4  board.o(.text.TIMG0_IRQHandler)
    __arm_cp.9_2                             0x000016b4   Number         4  board.o(.text.TIMG0_IRQHandler)
    __arm_cp.9_3                             0x000016b8   Number         4  board.o(.text.TIMG0_IRQHandler)
    __arm_cp.9_4                             0x000016bc   Number         4  board.o(.text.TIMG0_IRQHandler)
    [Anonymous Symbol]                       0x000016c0   Section        0  board.o(.text.UART0_IRQHandler)
    __arm_cp.12_0                            0x00001734   Number         4  board.o(.text.UART0_IRQHandler)
    __arm_cp.12_1                            0x00001738   Number         4  board.o(.text.UART0_IRQHandler)
    __arm_cp.12_2                            0x0000173c   Number         4  board.o(.text.UART0_IRQHandler)
    __arm_cp.12_3                            0x00001740   Number         4  board.o(.text.UART0_IRQHandler)
    __arm_cp.12_4                            0x00001744   Number         4  board.o(.text.UART0_IRQHandler)
    __arm_cp.12_5                            0x00001748   Number         4  board.o(.text.UART0_IRQHandler)
    [Anonymous Symbol]                       0x0000174c   Section        0  board.o(.text._sys_exit)
    [Anonymous Symbol]                       0x00001750   Section        0  board.o(.text.board_init)
    __arm_cp.0_0                             0x00001774   Number         4  board.o(.text.board_init)
    __arm_cp.0_1                             0x00001778   Number         4  board.o(.text.board_init)
    [Anonymous Symbol]                       0x0000179c   Section        0  bsp_jy901.o(.text.copeJY901_data)
    __arm_cp.0_0                             0x000017e8   Number         4  bsp_jy901.o(.text.copeJY901_data)
    __arm_cp.0_1                             0x000017ec   Number         4  bsp_jy901.o(.text.copeJY901_data)
    __arm_cp.0_2                             0x000017f0   Number         4  bsp_jy901.o(.text.copeJY901_data)
    __arm_cp.0_3                             0x000017f4   Number         4  bsp_jy901.o(.text.copeJY901_data)
    __arm_cp.0_4                             0x000017f8   Number         4  bsp_jy901.o(.text.copeJY901_data)
    [Anonymous Symbol]                       0x000017fc   Section        0  board.o(.text.delay_ms)
    __arm_cp.2_0                             0x0000182c   Number         4  board.o(.text.delay_ms)
    [Anonymous Symbol]                       0x00001830   Section        0  board.o(.text.fputc)
    __arm_cp.8_0                             0x00001840   Number         4  board.o(.text.fputc)
    [Anonymous Symbol]                       0x00001844   Section        0  i2c_app.o(.text.i2c_app_read)
    [Anonymous Symbol]                       0x00001880   Section        0  i2c_app.o(.text.i2c_app_write)
    __arm_cp.0_0                             0x00001908   Number         4  i2c_app.o(.text.i2c_app_write)
    __arm_cp.0_1                             0x0000190c   Number         4  i2c_app.o(.text.i2c_app_write)
    __arm_cp.0_2                             0x00001910   Number         4  i2c_app.o(.text.i2c_app_write)
    __arm_cp.0_3                             0x00001914   Number         4  i2c_app.o(.text.i2c_app_write)
    [Anonymous Symbol]                       0x00001918   Section        0  empty.o(.text.main)
    __arm_cp.1_59                            0x00001cf8   Number         4  empty.o(.text.main)
    __arm_cp.1_66                            0x00001d18   Number         4  empty.o(.text.main)
    __arm_cp.1_78                            0x00001d48   Number         4  empty.o(.text.main)
    __arm_cp.1_82                            0x00001d58   Number         4  empty.o(.text.main)
    __arm_cp.1_103                           0x00002164   Number         4  empty.o(.text.main)
    __arm_cp.1_109                           0x0000217c   Number         4  empty.o(.text.main)
    __arm_cp.1_110                           0x00002180   Number         4  empty.o(.text.main)
    __arm_cp.1_111                           0x00002184   Number         4  empty.o(.text.main)
    __arm_cp.1_112                           0x00002188   Number         4  empty.o(.text.main)
    __arm_cp.1_122                           0x00002550   Number         4  empty.o(.text.main)
    __arm_cp.1_127                           0x00002564   Number         4  empty.o(.text.main)
    __arm_cp.1_137                           0x0000258c   Number         4  empty.o(.text.main)
    __arm_cp.1_141                           0x0000259c   Number         4  empty.o(.text.main)
    __arm_cp.1_142                           0x000025a0   Number         4  empty.o(.text.main)
    __arm_cp.1_143                           0x000025a4   Number         4  empty.o(.text.main)
    __arm_cp.1_146                           0x000025b0   Number         4  empty.o(.text.main)
    __arm_cp.1_147                           0x00002970   Number         4  empty.o(.text.main)
    __arm_cp.1_148                           0x00002974   Number         4  empty.o(.text.main)
    __arm_cp.1_2                             0x0000297c   Number         4  empty.o(.text.main)
    __arm_cp.1_3                             0x00002980   Number         4  empty.o(.text.main)
    __arm_cp.1_5                             0x00002984   Number         4  empty.o(.text.main)
    __arm_cp.1_7                             0x00002988   Number         4  empty.o(.text.main)
    __arm_cp.1_8                             0x0000298c   Number         4  empty.o(.text.main)
    __arm_cp.1_10                            0x00002990   Number         4  empty.o(.text.main)
    __arm_cp.1_11                            0x00002994   Number         4  empty.o(.text.main)
    __arm_cp.1_12                            0x00002998   Number         4  empty.o(.text.main)
    __arm_cp.1_13                            0x0000299c   Number         4  empty.o(.text.main)
    __arm_cp.1_14                            0x000029a0   Number         4  empty.o(.text.main)
    __arm_cp.1_15                            0x000029a4   Number         4  empty.o(.text.main)
    __arm_cp.1_16                            0x000029a8   Number         4  empty.o(.text.main)
    __arm_cp.1_17                            0x000029ac   Number         4  empty.o(.text.main)
    __arm_cp.1_18                            0x000029b0   Number         4  empty.o(.text.main)
    __arm_cp.1_19                            0x000029b4   Number         4  empty.o(.text.main)
    __arm_cp.1_20                            0x000029b8   Number         4  empty.o(.text.main)
    __arm_cp.1_21                            0x000029bc   Number         4  empty.o(.text.main)
    __arm_cp.1_22                            0x000029c0   Number         4  empty.o(.text.main)
    __arm_cp.1_23                            0x000029c4   Number         4  empty.o(.text.main)
    __arm_cp.1_25                            0x000029c8   Number         4  empty.o(.text.main)
    __arm_cp.1_26                            0x000029cc   Number         4  empty.o(.text.main)
    __arm_cp.1_28                            0x000029d0   Number         4  empty.o(.text.main)
    __arm_cp.1_32                            0x000029d4   Number         4  empty.o(.text.main)
    __arm_cp.1_38                            0x000029d8   Number         4  empty.o(.text.main)
    __arm_cp.1_39                            0x000029dc   Number         4  empty.o(.text.main)
    __arm_cp.1_46                            0x000029ec   Number         4  empty.o(.text.main)
    __arm_cp.1_47                            0x000029f0   Number         4  empty.o(.text.main)
    __arm_cp.1_48                            0x000029f4   Number         4  empty.o(.text.main)
    __arm_cp.1_49                            0x000029f8   Number         4  empty.o(.text.main)
    __arm_cp.1_50                            0x000029fc   Number         4  empty.o(.text.main)
    __arm_cp.1_51                            0x00002a00   Number         4  empty.o(.text.main)
    __arm_cp.1_52                            0x00002a04   Number         4  empty.o(.text.main)
    __arm_cp.1_53                            0x00002a08   Number         4  empty.o(.text.main)
    __arm_cp.1_54                            0x00002a0c   Number         4  empty.o(.text.main)
    __arm_cp.1_55                            0x00002a10   Number         4  empty.o(.text.main)
    __arm_cp.1_56                            0x00002a14   Number         4  empty.o(.text.main)
    __arm_cp.1_57                            0x00002a18   Number         4  empty.o(.text.main)
    [Anonymous Symbol]                       0x00002a1c   Section        0  motor.o(.text.motor_control)
    __arm_cp.1_0                             0x00002a38   Number         4  motor.o(.text.motor_control)
    [Anonymous Symbol]                       0x00002a3c   Section        0  motor.o(.text.per_motor_control)
    __arm_cp.0_0                             0x00002aac   Number         4  motor.o(.text.per_motor_control)
    __arm_cp.0_1                             0x00002ab0   Number         4  motor.o(.text.per_motor_control)
    [Anonymous Symbol]                       0x00002ab4   Section        0  trace.o(.text.trace_check)
    [Anonymous Symbol]                       0x00002c24   Section        0  pid.o(.text.yaw_return)
    __arm_cp.3_0                             0x00002c5c   Number         4  pid.o(.text.yaw_return)
    __arm_cp.3_1                             0x00002c60   Number         4  pid.o(.text.yaw_return)
    __arm_cp.3_2                             0x00002c64   Number         4  pid.o(.text.yaw_return)
    __arm_cp.3_3                             0x00002c68   Number         4  pid.o(.text.yaw_return)
    i._feq                                   0x00002c6c   Section        0  fcmp.o(i._feq)
    i._fgeq                                  0x00002c82   Section        0  fcmp.o(i._fgeq)
    i._fgr                                   0x00002c98   Section        0  fcmp.o(i._fgr)
    i._fleq                                  0x00002cae   Section        0  fcmp.o(i._fleq)
    i._fls                                   0x00002cc8   Section        0  fcmp.o(i._fls)
    x$fpl$fadd                               0x00002ce0   Section      140  faddsub.o(x$fpl$fadd)
    _fadd1                                   0x00002ced   Thumb Code     0  faddsub.o(x$fpl$fadd)
    x$fpl$feqf                               0x00002d6c   Section       84  feqf.o(x$fpl$feqf)
    x$fpl$fgeqf                              0x00002dc0   Section       84  fgef.o(x$fpl$fgeqf)
    x$fpl$fleqf                              0x00002e14   Section       84  flef.o(x$fpl$fleqf)
    x$fpl$fmul                               0x00002e68   Section      176  fmul.o(x$fpl$fmul)
    x$fpl$fsub                               0x00002f18   Section      208  faddsub.o(x$fpl$fsub)
    _fsub1                                   0x00002f25   Thumb Code     0  faddsub.o(x$fpl$fsub)
    fdiv_tab                                 0x00002fe8   Data          64  fdiv.o(.constdata)
    .constdata                               0x00002fe8   Section       64  fdiv.o(.constdata)
    x$fpl$usenofp                            0x00002fe8   Section        0  usenofp.o(x$fpl$usenofp)
    gI2C0ClockConfig                         0x00003028   Data           2  ti_msp_dl_config.o(.rodata.gI2C0ClockConfig)
    [Anonymous Symbol]                       0x00003028   Section        0  ti_msp_dl_config.o(.rodata.gI2C0ClockConfig)
    gTIMER_0ClockConfig                      0x0000302a   Data           3  ti_msp_dl_config.o(.rodata.gTIMER_0ClockConfig)
    [Anonymous Symbol]                       0x0000302a   Section        0  ti_msp_dl_config.o(.rodata.gTIMER_0ClockConfig)
    gTIMER_0TimerConfig                      0x00003030   Data          20  ti_msp_dl_config.o(.rodata.gTIMER_0TimerConfig)
    [Anonymous Symbol]                       0x00003030   Section        0  ti_msp_dl_config.o(.rodata.gTIMER_0TimerConfig)
    gUART_0ClockConfig                       0x00003044   Data           2  ti_msp_dl_config.o(.rodata.gUART_0ClockConfig)
    [Anonymous Symbol]                       0x00003044   Section        0  ti_msp_dl_config.o(.rodata.gUART_0ClockConfig)
    gUART_0Config                            0x00003046   Data          10  ti_msp_dl_config.o(.rodata.gUART_0Config)
    [Anonymous Symbol]                       0x00003046   Section        0  ti_msp_dl_config.o(.rodata.gUART_0Config)
    gadcClockConfig                          0x00003050   Data           8  ti_msp_dl_config.o(.rodata.gadcClockConfig)
    [Anonymous Symbol]                       0x00003050   Section        0  ti_msp_dl_config.o(.rodata.gadcClockConfig)
    gmotor_pwmClockConfig                    0x00003058   Data           3  ti_msp_dl_config.o(.rodata.gmotor_pwmClockConfig)
    [Anonymous Symbol]                       0x00003058   Section        0  ti_msp_dl_config.o(.rodata.gmotor_pwmClockConfig)
    gmotor_pwmConfig                         0x0000305c   Data           8  ti_msp_dl_config.o(.rodata.gmotor_pwmConfig)
    [Anonymous Symbol]                       0x0000305c   Section        0  ti_msp_dl_config.o(.rodata.gmotor_pwmConfig)
    I2CTimeout                               0x20000000   Data           4  i2c_app.o(.data.I2CTimeout)
    [Anonymous Symbol]                       0x20000000   Section        0  i2c_app.o(.data.I2CTimeout)
    .bss                                     0x20000100   Section       96  libspace.o(.bss)
    GROUP1_IRQHandler.key_lock               0x20000160   Data           1  board.o(.bss.GROUP1_IRQHandler.key_lock)
    [Anonymous Symbol]                       0x20000160   Section        0  board.o(.bss.GROUP1_IRQHandler.key_lock)
    TIMG0_IRQHandler.exp_time                0x200001c8   Data           4  board.o(.bss.TIMG0_IRQHandler.exp_time)
    [Anonymous Symbol]                       0x200001c8   Section        0  board.o(.bss.TIMG0_IRQHandler.exp_time)
    UART0_IRQHandler.RxState                 0x200001cc   Data           1  board.o(.bss.UART0_IRQHandler.RxState)
    [Anonymous Symbol]                       0x200001cc   Section        0  board.o(.bss.UART0_IRQHandler.RxState)
    UART0_IRQHandler.pRxPacket               0x200001cd   Data           1  board.o(.bss.UART0_IRQHandler.pRxPacket)
    [Anonymous Symbol]                       0x200001cd   Section        0  board.o(.bss.UART0_IRQHandler.pRxPacket)
    angle_yaw                                0x20000224   Data           2  bsp_jy901.o(.bss.angle_yaw)
    [Anonymous Symbol]                       0x20000224   Section        0  bsp_jy901.o(.bss.angle_yaw)
    copeJY901_data.rxBuffer                  0x20000230   Data          12  bsp_jy901.o(.bss.copeJY901_data.rxBuffer)
    [Anonymous Symbol]                       0x20000230   Section        0  bsp_jy901.o(.bss.copeJY901_data.rxBuffer)
    copeJY901_data.rxCount                   0x2000023c   Data           1  bsp_jy901.o(.bss.copeJY901_data.rxCount)
    [Anonymous Symbol]                       0x2000023c   Section        0  bsp_jy901.o(.bss.copeJY901_data.rxCount)
    Heap_Mem                                 0x20000280   Data         256  startup_mspm0l130x_uvision.o(HEAP)
    HEAP                                     0x20000280   Section      256  startup_mspm0l130x_uvision.o(HEAP)
    Stack_Mem                                0x20000380   Data         256  startup_mspm0l130x_uvision.o(STACK)
    STACK                                    0x20000380   Section      256  startup_mspm0l130x_uvision.o(STACK)
    __initial_sp                             0x20000480   Data           0  startup_mspm0l130x_uvision.o(STACK)

    Global Symbols

    Symbol Name                              Value     Ov Type        Size  Object(Section)

    BuildAttributes$$THM_ISAv3M$S$PE$A:L22$X:L11$S22$IEEE1$IW$~IW$USESV6$~STKCKD$USESV7$~SHL$OTIME$ROPI$EBA8$UX$STANDARDLIB$REQ8$PRES8$EABIv2 0x00000000   Number         0  anon$$obj.o ABSOLUTE
    __Vectors                                0x00000000   Data           4  startup_mspm0l130x_uvision.o(RESET)
    __ARM_exceptions_init                     - Undefined Weak Reference
    __alloca_initialize                       - Undefined Weak Reference
    __arm_preinit_                            - Undefined Weak Reference
    __cpp_initialize__aeabi_                  - Undefined Weak Reference
    __cxa_finalize                            - Undefined Weak Reference
    __rt_locale                               - Undefined Weak Reference
    __sigvec_lookup                           - Undefined Weak Reference
    _atexit_init                              - Undefined Weak Reference
    _call_atexit_fns                          - Undefined Weak Reference
    _clock_init                               - Undefined Weak Reference
    _fp_trap_init                             - Undefined Weak Reference
    _fp_trap_shutdown                         - Undefined Weak Reference
    _get_lc_collate                           - Undefined Weak Reference
    _get_lc_ctype                             - Undefined Weak Reference
    _get_lc_monetary                          - Undefined Weak Reference
    _get_lc_numeric                           - Undefined Weak Reference
    _get_lc_time                              - Undefined Weak Reference
    _getenv_init                              - Undefined Weak Reference
    _handle_redirection                       - Undefined Weak Reference
    _init_alloc                               - Undefined Weak Reference
    _init_user_alloc                          - Undefined Weak Reference
    _initio                                   - Undefined Weak Reference
    _mutex_acquire                            - Undefined Weak Reference
    _mutex_release                            - Undefined Weak Reference
    _printf_post_padding                      - Undefined Weak Reference
    _printf_pre_padding                       - Undefined Weak Reference
    _printf_truncate_signed                   - Undefined Weak Reference
    _printf_truncate_unsigned                 - Undefined Weak Reference
    _rand_init                                - Undefined Weak Reference
    _signal_finish                            - Undefined Weak Reference
    _signal_init                              - Undefined Weak Reference
    _terminate_alloc                          - Undefined Weak Reference
    _terminate_user_alloc                     - Undefined Weak Reference
    _terminateio                              - Undefined Weak Reference
    __Vectors_End                            0x000000c0   Data           0  startup_mspm0l130x_uvision.o(RESET)
    __Vectors_Size                           0x000000c0   Number         0  startup_mspm0l130x_uvision.o ABSOLUTE
    __main                                   0x000000c1   Thumb Code     8  __main.o(!!!main)
    __scatterload                            0x000000c9   Thumb Code     0  __scatter.o(!!!scatter)
    __scatterload_rt2                        0x000000c9   Thumb Code    52  __scatter.o(!!!scatter)
    __scatterload_rt2_thumb_only             0x000000c9   Thumb Code     0  __scatter.o(!!!scatter)
    __scatterload_null                       0x000000d9   Thumb Code     0  __scatter.o(!!!scatter)
    __scatterload_copy                       0x00000109   Thumb Code    26  __scatter_copy.o(!!handler_copy)
    __scatterload_zeroinit                   0x00000129   Thumb Code    28  __scatter_zi.o(!!handler_zi)
    _printf_percent                          0x00000145   Thumb Code     0  _printf_percent.o(.ARM.Collect$$_printf_percent$$00000000)
    _printf_d                                0x00000147   Thumb Code     0  _printf_d.o(.ARM.Collect$$_printf_percent$$00000009)
    _printf_percent_end                      0x00000151   Thumb Code     0  _printf_percent_end.o(.ARM.Collect$$_printf_percent$$00000017)
    __rt_lib_init                            0x00000155   Thumb Code     0  libinit.o(.ARM.Collect$$libinit$$00000000)
    __rt_lib_init_alloca_1                   0x00000157   Thumb Code     0  libinit2.o(.ARM.Collect$$libinit$$0000002E)
    __rt_lib_init_argv_1                     0x00000157   Thumb Code     0  libinit2.o(.ARM.Collect$$libinit$$0000002C)
    __rt_lib_init_atexit_1                   0x00000157   Thumb Code     0  libinit2.o(.ARM.Collect$$libinit$$0000001B)
    __rt_lib_init_clock_1                    0x00000157   Thumb Code     0  libinit2.o(.ARM.Collect$$libinit$$00000021)
    __rt_lib_init_cpp_1                      0x00000157   Thumb Code     0  libinit2.o(.ARM.Collect$$libinit$$00000032)
    __rt_lib_init_exceptions_1               0x00000157   Thumb Code     0  libinit2.o(.ARM.Collect$$libinit$$00000030)
    __rt_lib_init_fp_1                       0x00000157   Thumb Code     0  libinit2.o(.ARM.Collect$$libinit$$00000002)
    __rt_lib_init_fp_trap_1                  0x00000157   Thumb Code     0  libinit2.o(.ARM.Collect$$libinit$$0000001F)
    __rt_lib_init_getenv_1                   0x00000157   Thumb Code     0  libinit2.o(.ARM.Collect$$libinit$$00000023)
    __rt_lib_init_heap_1                     0x00000157   Thumb Code     0  libinit2.o(.ARM.Collect$$libinit$$0000000A)
    __rt_lib_init_lc_collate_1               0x00000157   Thumb Code     0  libinit2.o(.ARM.Collect$$libinit$$00000011)
    __rt_lib_init_lc_ctype_1                 0x00000157   Thumb Code     0  libinit2.o(.ARM.Collect$$libinit$$00000013)
    __rt_lib_init_lc_monetary_1              0x00000157   Thumb Code     0  libinit2.o(.ARM.Collect$$libinit$$00000015)
    __rt_lib_init_lc_numeric_1               0x00000157   Thumb Code     0  libinit2.o(.ARM.Collect$$libinit$$00000017)
    __rt_lib_init_lc_time_1                  0x00000157   Thumb Code     0  libinit2.o(.ARM.Collect$$libinit$$00000019)
    __rt_lib_init_preinit_1                  0x00000157   Thumb Code     0  libinit2.o(.ARM.Collect$$libinit$$00000004)
    __rt_lib_init_rand_1                     0x00000157   Thumb Code     0  libinit2.o(.ARM.Collect$$libinit$$0000000E)
    __rt_lib_init_return                     0x00000157   Thumb Code     0  libinit2.o(.ARM.Collect$$libinit$$00000033)
    __rt_lib_init_signal_1                   0x00000157   Thumb Code     0  libinit2.o(.ARM.Collect$$libinit$$0000001D)
    __rt_lib_init_stdio_1                    0x00000157   Thumb Code     0  libinit2.o(.ARM.Collect$$libinit$$00000025)
    __rt_lib_init_user_alloc_1               0x00000157   Thumb Code     0  libinit2.o(.ARM.Collect$$libinit$$0000000C)
    __rt_lib_shutdown                        0x00000159   Thumb Code     0  libshutdown.o(.ARM.Collect$$libshutdown$$00000000)
    __rt_lib_shutdown_cpp_1                  0x0000015b   Thumb Code     0  libshutdown2.o(.ARM.Collect$$libshutdown$$00000002)
    __rt_lib_shutdown_fp_trap_1              0x0000015b   Thumb Code     0  libshutdown2.o(.ARM.Collect$$libshutdown$$00000007)
    __rt_lib_shutdown_heap_1                 0x0000015b   Thumb Code     0  libshutdown2.o(.ARM.Collect$$libshutdown$$0000000F)
    __rt_lib_shutdown_return                 0x0000015b   Thumb Code     0  libshutdown2.o(.ARM.Collect$$libshutdown$$00000010)
    __rt_lib_shutdown_signal_1               0x0000015b   Thumb Code     0  libshutdown2.o(.ARM.Collect$$libshutdown$$0000000A)
    __rt_lib_shutdown_stdio_1                0x0000015b   Thumb Code     0  libshutdown2.o(.ARM.Collect$$libshutdown$$00000004)
    __rt_lib_shutdown_user_alloc_1           0x0000015b   Thumb Code     0  libshutdown2.o(.ARM.Collect$$libshutdown$$0000000C)
    __rt_entry                               0x0000015d   Thumb Code     0  __rtentry.o(.ARM.Collect$$rtentry$$00000000)
    __rt_entry_presh_1                       0x0000015d   Thumb Code     0  __rtentry2.o(.ARM.Collect$$rtentry$$00000002)
    __rt_entry_sh                            0x0000015d   Thumb Code     0  __rtentry4.o(.ARM.Collect$$rtentry$$00000004)
    __rt_entry_li                            0x00000163   Thumb Code     0  __rtentry2.o(.ARM.Collect$$rtentry$$0000000A)
    __rt_entry_postsh_1                      0x00000163   Thumb Code     0  __rtentry2.o(.ARM.Collect$$rtentry$$00000009)
    __rt_entry_main                          0x00000167   Thumb Code     0  __rtentry2.o(.ARM.Collect$$rtentry$$0000000D)
    __rt_entry_postli_1                      0x00000167   Thumb Code     0  __rtentry2.o(.ARM.Collect$$rtentry$$0000000C)
    __rt_exit                                0x0000016f   Thumb Code     0  rtexit.o(.ARM.Collect$$rtexit$$00000000)
    __rt_exit_ls                             0x00000171   Thumb Code     0  rtexit2.o(.ARM.Collect$$rtexit$$00000003)
    __rt_exit_prels_1                        0x00000171   Thumb Code     0  rtexit2.o(.ARM.Collect$$rtexit$$00000002)
    __rt_exit_exit                           0x00000175   Thumb Code     0  rtexit2.o(.ARM.Collect$$rtexit$$00000004)
    Reset_Handler                            0x0000017d   Thumb Code     4  startup_mspm0l130x_uvision.o(.text)
    NMI_Handler                              0x00000181   Thumb Code     2  startup_mspm0l130x_uvision.o(.text)
    HardFault_Handler                        0x00000183   Thumb Code     2  startup_mspm0l130x_uvision.o(.text)
    SVC_Handler                              0x00000185   Thumb Code     2  startup_mspm0l130x_uvision.o(.text)
    PendSV_Handler                           0x00000187   Thumb Code     2  startup_mspm0l130x_uvision.o(.text)
    SysTick_Handler                          0x00000189   Thumb Code     2  startup_mspm0l130x_uvision.o(.text)
    DMA_IRQHandler                           0x0000018b   Thumb Code     0  startup_mspm0l130x_uvision.o(.text)
    Default_Handler                          0x0000018b   Thumb Code     2  startup_mspm0l130x_uvision.o(.text)
    GROUP0_IRQHandler                        0x0000018b   Thumb Code     0  startup_mspm0l130x_uvision.o(.text)
    I2C0_IRQHandler                          0x0000018b   Thumb Code     0  startup_mspm0l130x_uvision.o(.text)
    I2C1_IRQHandler                          0x0000018b   Thumb Code     0  startup_mspm0l130x_uvision.o(.text)
    SPI0_IRQHandler                          0x0000018b   Thumb Code     0  startup_mspm0l130x_uvision.o(.text)
    TIMG1_IRQHandler                         0x0000018b   Thumb Code     0  startup_mspm0l130x_uvision.o(.text)
    TIMG2_IRQHandler                         0x0000018b   Thumb Code     0  startup_mspm0l130x_uvision.o(.text)
    TIMG4_IRQHandler                         0x0000018b   Thumb Code     0  startup_mspm0l130x_uvision.o(.text)
    UART1_IRQHandler                         0x0000018b   Thumb Code     0  startup_mspm0l130x_uvision.o(.text)
    __user_initial_stackheap                 0x0000018d   Thumb Code    10  startup_mspm0l130x_uvision.o(.text)
    __2printf                                0x000001ad   Thumb Code    22  noretval__2printf.o(.text)
    __printf                                 0x000001c9   Thumb Code   108  __printf.o(.text)
    _printf_int_dec                          0x00000235   Thumb Code    90  _printf_dec.o(.text)
    puts                                     0x000002a1   Thumb Code    38  puts.o(.text)
    __use_two_region_memory                  0x000002cd   Thumb Code     2  heapauxi.o(.text)
    __rt_heap_escrow$2region                 0x000002cf   Thumb Code     2  heapauxi.o(.text)
    __rt_heap_expand$2region                 0x000002d1   Thumb Code     2  heapauxi.o(.text)
    __aeabi_d2f                              0x000002d5   Thumb Code     0  d2f.o(.text)
    _d2f                                     0x000002d5   Thumb Code   120  d2f.o(.text)
    __aeabi_dadd                             0x00000649   Thumb Code     0  daddsub.o(.text)
    _dadd                                    0x00000649   Thumb Code    26  daddsub.o(.text)
    __aeabi_dsub                             0x00000663   Thumb Code     0  daddsub.o(.text)
    _dsub                                    0x00000663   Thumb Code    22  daddsub.o(.text)
    __aeabi_drsub                            0x00000679   Thumb Code     0  daddsub.o(.text)
    _drsb                                    0x00000679   Thumb Code    28  daddsub.o(.text)
    __aeabi_f2d                              0x000006a9   Thumb Code     0  f2d.o(.text)
    _f2d                                     0x000006a9   Thumb Code    80  f2d.o(.text)
    __aeabi_fdiv                             0x000006fd   Thumb Code     0  fdiv.o(.text)
    _fdiv                                    0x000006fd   Thumb Code   334  fdiv.o(.text)
    _frdiv                                   0x0000084b   Thumb Code     8  fdiv.o(.text)
    __aeabi_f2iz                             0x0000085d   Thumb Code     0  ffixi.o(.text)
    _ffix                                    0x0000085d   Thumb Code    76  ffixi.o(.text)
    __aeabi_i2f_normalise                    0x000008a9   Thumb Code    72  fflti.o(.text)
    __aeabi_i2f                              0x000008f1   Thumb Code    16  fflti.o(.text)
    _fflt                                    0x000008f1   Thumb Code     0  fflti.o(.text)
    __aeabi_ui2f                             0x00000901   Thumb Code     6  fflti.o(.text)
    _ffltu                                   0x00000901   Thumb Code     0  fflti.o(.text)
    _printf_int_common                       0x00000907   Thumb Code   176  _printf_intcommon.o(.text)
    _printf_char_file                        0x000009b9   Thumb Code    34  _printf_char_file.o(.text)
    __rt_udiv10                              0x000009e1   Thumb Code    40  rtudiv10.o(.text)
    _printf_char_common                      0x00000a13   Thumb Code    32  _printf_char_common.o(.text)
    ferror                                   0x00000a39   Thumb Code     8  ferror.o(.text)
    __fpl_fcmp_InfNaN                        0x00000a41   Thumb Code    96  fcmpin.o(.text)
    __user_setup_stackheap                   0x00000aa5   Thumb Code    62  sys_stackheap_outer.o(.text)
    exit                                     0x00000ae3   Thumb Code    16  exit.o(.text)
    __fpl_cmpreturn                          0x00000af3   Thumb Code    46  cmpret.o(.text)
    __fpl_fcheck_NaN2                        0x00000b21   Thumb Code    10  fnan2.o(.text)
    __user_libspace                          0x00000b31   Thumb Code     8  libspace.o(.text)
    __user_perproc_libspace                  0x00000b31   Thumb Code     0  libspace.o(.text)
    __user_perthread_libspace                0x00000b31   Thumb Code     0  libspace.o(.text)
    __fpl_return_NaN                         0x00000b39   Thumb Code    94  retnan.o(.text)
    ADC0_IRQHandler                          0x00000b99   Thumb Code    40  bsp_adc.o(.text.ADC0_IRQHandler)
    DL_ADC12_setClockConfig                  0x00000bc1   Thumb Code    64  dl_adc12.o(.text.DL_ADC12_setClockConfig)
    DL_Common_delayCycles                    0x00000c01   Thumb Code    10  dl_common.o(.text.DL_Common_delayCycles)
    DL_I2C_fillControllerTXFIFO              0x00000c0b   Thumb Code    44  dl_i2c.o(.text.DL_I2C_fillControllerTXFIFO)
    DL_I2C_setClockConfig                    0x00000c37   Thumb Code    38  dl_i2c.o(.text.DL_I2C_setClockConfig)
    DL_Timer_initPWMMode                     0x00000c5d   Thumb Code   192  dl_timer.o(.text.DL_Timer_initPWMMode)
    DL_Timer_initTimerMode                   0x00000d1d   Thumb Code   240  dl_timer.o(.text.DL_Timer_initTimerMode)
    DL_Timer_setCaptCompUpdateMethod         0x00000e0d   Thumb Code    28  dl_timer.o(.text.DL_Timer_setCaptCompUpdateMethod)
    DL_Timer_setCaptureCompareOutCtl         0x00000e29   Thumb Code    24  dl_timer.o(.text.DL_Timer_setCaptureCompareOutCtl)
    DL_Timer_setCaptureCompareValue          0x00000e41   Thumb Code    16  dl_timer.o(.text.DL_Timer_setCaptureCompareValue)
    DL_Timer_setClockConfig                  0x00000e51   Thumb Code    28  dl_timer.o(.text.DL_Timer_setClockConfig)
    DL_UART_init                             0x00000e6d   Thumb Code    72  dl_uart.o(.text.DL_UART_init)
    DL_UART_setClockConfig                   0x00000eb5   Thumb Code    18  dl_uart.o(.text.DL_UART_setClockConfig)
    GROUP1_IRQHandler                        0x00000ec9   Thumb Code   616  board.o(.text.GROUP1_IRQHandler)
    PIDController_Init                       0x00001131   Thumb Code    14  pid.o(.text.PIDController_Init)
    PIDController_Update                     0x0000113f   Thumb Code   190  pid.o(.text.PIDController_Update)
    PIDController_yaw_Update                 0x000011fd   Thumb Code   304  pid.o(.text.PIDController_yaw_Update)
    SYSCFG_DL_GPIO_init                      0x0000132d   Thumb Code   148  ti_msp_dl_config.o(.text.SYSCFG_DL_GPIO_init)
    SYSCFG_DL_I2C0_init                      0x000013c1   Thumb Code    84  ti_msp_dl_config.o(.text.SYSCFG_DL_I2C0_init)
    SYSCFG_DL_SYSCTL_init                    0x00001415   Thumb Code    36  ti_msp_dl_config.o(.text.SYSCFG_DL_SYSCTL_init)
    SYSCFG_DL_SYSTICK_init                   0x00001439   Thumb Code    24  ti_msp_dl_config.o(.text.SYSCFG_DL_SYSTICK_init)
    SYSCFG_DL_TIMER_0_init                   0x00001451   Thumb Code    56  ti_msp_dl_config.o(.text.SYSCFG_DL_TIMER_0_init)
    SYSCFG_DL_UART_0_init                    0x00001489   Thumb Code   124  ti_msp_dl_config.o(.text.SYSCFG_DL_UART_0_init)
    SYSCFG_DL_adc_init                       0x00001505   Thumb Code   104  ti_msp_dl_config.o(.text.SYSCFG_DL_adc_init)
    SYSCFG_DL_init                           0x0000156d   Thumb Code    40  ti_msp_dl_config.o(.text.SYSCFG_DL_init)
    SYSCFG_DL_initPower                      0x00001595   Thumb Code    84  ti_msp_dl_config.o(.text.SYSCFG_DL_initPower)
    SYSCFG_DL_motor_pwm_init                 0x000015e9   Thumb Code   128  ti_msp_dl_config.o(.text.SYSCFG_DL_motor_pwm_init)
    TIMG0_IRQHandler                         0x00001669   Thumb Code    88  board.o(.text.TIMG0_IRQHandler)
    UART0_IRQHandler                         0x000016c1   Thumb Code   140  board.o(.text.UART0_IRQHandler)
    _sys_exit                                0x0000174d   Thumb Code     2  board.o(.text._sys_exit)
    board_init                               0x00001751   Thumb Code    76  board.o(.text.board_init)
    copeJY901_data                           0x0000179d   Thumb Code    96  bsp_jy901.o(.text.copeJY901_data)
    delay_ms                                 0x000017fd   Thumb Code    52  board.o(.text.delay_ms)
    fputc                                    0x00001831   Thumb Code    20  board.o(.text.fputc)
    i2c_app_read                             0x00001845   Thumb Code    60  i2c_app.o(.text.i2c_app_read)
    i2c_app_write                            0x00001881   Thumb Code   152  i2c_app.o(.text.i2c_app_write)
    main                                     0x00001919   Thumb Code  4356  empty.o(.text.main)
    motor_control                            0x00002a1d   Thumb Code    32  motor.o(.text.motor_control)
    per_motor_control                        0x00002a3d   Thumb Code   120  motor.o(.text.per_motor_control)
    trace_check                              0x00002ab5   Thumb Code   366  trace.o(.text.trace_check)
    yaw_return                               0x00002c25   Thumb Code    72  pid.o(.text.yaw_return)
    __aeabi_fcmpeq                           0x00002c6d   Thumb Code     0  fcmp.o(i._feq)
    _feq                                     0x00002c6d   Thumb Code    22  fcmp.o(i._feq)
    __aeabi_fcmpge                           0x00002c83   Thumb Code     0  fcmp.o(i._fgeq)
    _fgeq                                    0x00002c83   Thumb Code    22  fcmp.o(i._fgeq)
    __aeabi_fcmpgt                           0x00002c99   Thumb Code     0  fcmp.o(i._fgr)
    _fgr                                     0x00002c99   Thumb Code    22  fcmp.o(i._fgr)
    __aeabi_fcmple                           0x00002caf   Thumb Code     0  fcmp.o(i._fleq)
    _fleq                                    0x00002caf   Thumb Code    26  fcmp.o(i._fleq)
    __aeabi_fcmplt                           0x00002cc9   Thumb Code     0  fcmp.o(i._fls)
    _fls                                     0x00002cc9   Thumb Code    22  fcmp.o(i._fls)
    __aeabi_fadd                             0x00002ce1   Thumb Code     0  faddsub.o(x$fpl$fadd)
    _fadd                                    0x00002ce1   Thumb Code   134  faddsub.o(x$fpl$fadd)
    __aeabi_cfcmpeq                          0x00002d6d   Thumb Code     0  feqf.o(x$fpl$feqf)
    _fcmpeq                                  0x00002d6d   Thumb Code    78  feqf.o(x$fpl$feqf)
    _fcmpge                                  0x00002dc1   Thumb Code    78  fgef.o(x$fpl$fgeqf)
    __aeabi_cfcmple                          0x00002e15   Thumb Code     0  flef.o(x$fpl$fleqf)
    _fcmple                                  0x00002e15   Thumb Code    78  flef.o(x$fpl$fleqf)
    __aeabi_fmul                             0x00002e69   Thumb Code     0  fmul.o(x$fpl$fmul)
    _fmul                                    0x00002e69   Thumb Code   172  fmul.o(x$fpl$fmul)
    __aeabi_fsub                             0x00002f19   Thumb Code     0  faddsub.o(x$fpl$fsub)
    _fsub                                    0x00002f19   Thumb Code   204  faddsub.o(x$fpl$fsub)
    __I$use$fp                               0x00002fe8   Number         0  usenofp.o(x$fpl$usenofp)
    Region$$Table$$Base                      0x00003068   Number         0  anon$$obj.o(Region$$Table)
    Region$$Table$$Limit                     0x00003088   Number         0  anon$$obj.o(Region$$Table)
    defaultwheel                             0x20000004   Data          72  motor.o(.data.defaultwheel)
    event_lock                               0x2000004c   Data           1  empty.o(.data.event_lock)
    motor_BasePower                          0x20000050   Data           4  empty.o(.data.motor_BasePower)
    pid                                      0x20000054   Data          56  empty.o(.data.pid)
    trace_pid                                0x2000008c   Data          56  empty.o(.data.trace_pid)
    yaw_pid                                  0x200000c4   Data          56  empty.o(.data.yaw_pid)
    yaw_step                                 0x200000fc   Data           4  empty.o(.data.yaw_step)
    __libspace_start                         0x20000100   Data          96  libspace.o(.bss)
    __temporary_stack_top$libspace           0x20000160   Data           0  libspace.o(.bss)
    Serial_RxFlag                            0x20000161   Data           1  board.o(.bss.Serial_RxFlag)
    Serial_RxPacket                          0x20000162   Data         100  board.o(.bss.Serial_RxPacket)
    __stdout                                 0x200001d0   Data          84  board.o(.bss.__stdout)
    base_BackDirection                       0x20000228   Data           4  board.o(.bss.base_BackDirection)
    base_direction                           0x2000022c   Data           4  board.o(.bss.base_direction)
    distance_1m_flag                         0x2000023d   Data           1  empty.o(.bss.distance_1m_flag)
    distance_1m_receive                      0x2000023e   Data           1  empty.o(.bss.distance_1m_receive)
    end_power_decelerate                     0x20000240   Data           4  empty.o(.bss.end_power_decelerate)
    event_task                               0x20000244   Data           1  empty.o(.bss.event_task)
    gCheckADC1                               0x20000245   Data           1  bsp_adc.o(.bss.gCheckADC1)
    gCheckADC2                               0x20000246   Data           1  bsp_adc.o(.bss.gCheckADC2)
    ground                                   0x20000247   Data           1  empty.o(.bss.ground)
    jy901_yaw                                0x20000248   Data           4  bsp_jy901.o(.bss.jy901_yaw)
    line_no_check                            0x2000024c   Data           1  empty.o(.bss.line_no_check)
    nearget_downpower                        0x20000250   Data           4  empty.o(.bss.nearget_downpower)
    nearingTheEnd                            0x20000254   Data           1  empty.o(.bss.nearingTheEnd)
    sound_flag                               0x20000255   Data           1  board.o(.bss.sound_flag)
    start_flag                               0x20000256   Data           1  board.o(.bss.start_flag)
    start_power_decelerate                   0x20000258   Data           4  empty.o(.bss.start_power_decelerate)
    sys_time_1ms                             0x2000025c   Data           4  board.o(.bss.sys_time_1ms)
    task                                     0x20000260   Data           1  board.o(.bss.task)
    task4_power_plus                         0x20000264   Data           8  empty.o(.bss.task4_power_plus)
    trace_decelerate_time                    0x2000026c   Data           4  empty.o(.bss.trace_decelerate_time)
    trace_flag                               0x20000270   Data           1  empty.o(.bss.trace_flag)
    turn_on_first                            0x20000272   Data           2  empty.o(.bss.turn_on_first)
    yaw_control_flag                         0x20000274   Data           1  empty.o(.bss.yaw_control_flag)
    yaw_expt                                 0x20000278   Data           4  empty.o(.bss.yaw_expt)



==============================================================================

Memory Map of the image

  Image Entry point : 0x000000c1

  Load Region LR_IROM1 (Base: 0x00000000, Size: 0x00003188, Max: 0x0000fff8, ABSOLUTE)

    Execution Region ER_IROM1 (Exec base: 0x00000000, Load base: 0x00000000, Size: 0x00003088, Max: 0x0000fff8, ABSOLUTE)

    Exec Addr    Load Addr    Size         Type   Attr      Idx    E Section Name        Object

    0x00000000   0x00000000   0x000000c0   Data   RO           48    RESET               startup_mspm0l130x_uvision.o
    0x000000c0   0x000000c0   0x00000008   Code   RO          749  * !!!main             c_p.l(__main.o)
    0x000000c8   0x000000c8   0x0000003c   Code   RO          983    !!!scatter          c_p.l(__scatter.o)
    0x00000104   0x00000104   0x00000004   PAD
    0x00000108   0x00000108   0x0000001a   Code   RO          985    !!handler_copy      c_p.l(__scatter_copy.o)
    0x00000122   0x00000122   0x00000006   PAD
    0x00000128   0x00000128   0x0000001c   Code   RO          987    !!handler_zi        c_p.l(__scatter_zi.o)
    0x00000144   0x00000144   0x00000002   Code   RO          734    .ARM.Collect$$_printf_percent$$00000000  c_p.l(_printf_percent.o)
    0x00000146   0x00000146   0x0000000a   Code   RO          733    .ARM.Collect$$_printf_percent$$00000009  c_p.l(_printf_d.o)
    0x00000150   0x00000150   0x00000004   Code   RO          793    .ARM.Collect$$_printf_percent$$00000017  c_p.l(_printf_percent_end.o)
    0x00000154   0x00000154   0x00000002   Code   RO          844    .ARM.Collect$$libinit$$00000000  c_p.l(libinit.o)
    0x00000156   0x00000156   0x00000000   Code   RO          862    .ARM.Collect$$libinit$$00000002  c_p.l(libinit2.o)
    0x00000156   0x00000156   0x00000000   Code   RO          864    .ARM.Collect$$libinit$$00000004  c_p.l(libinit2.o)
    0x00000156   0x00000156   0x00000000   Code   RO          867    .ARM.Collect$$libinit$$0000000A  c_p.l(libinit2.o)
    0x00000156   0x00000156   0x00000000   Code   RO          869    .ARM.Collect$$libinit$$0000000C  c_p.l(libinit2.o)
    0x00000156   0x00000156   0x00000000   Code   RO          871    .ARM.Collect$$libinit$$0000000E  c_p.l(libinit2.o)
    0x00000156   0x00000156   0x00000000   Code   RO          874    .ARM.Collect$$libinit$$00000011  c_p.l(libinit2.o)
    0x00000156   0x00000156   0x00000000   Code   RO          876    .ARM.Collect$$libinit$$00000013  c_p.l(libinit2.o)
    0x00000156   0x00000156   0x00000000   Code   RO          878    .ARM.Collect$$libinit$$00000015  c_p.l(libinit2.o)
    0x00000156   0x00000156   0x00000000   Code   RO          880    .ARM.Collect$$libinit$$00000017  c_p.l(libinit2.o)
    0x00000156   0x00000156   0x00000000   Code   RO          882    .ARM.Collect$$libinit$$00000019  c_p.l(libinit2.o)
    0x00000156   0x00000156   0x00000000   Code   RO          884    .ARM.Collect$$libinit$$0000001B  c_p.l(libinit2.o)
    0x00000156   0x00000156   0x00000000   Code   RO          886    .ARM.Collect$$libinit$$0000001D  c_p.l(libinit2.o)
    0x00000156   0x00000156   0x00000000   Code   RO          888    .ARM.Collect$$libinit$$0000001F  c_p.l(libinit2.o)
    0x00000156   0x00000156   0x00000000   Code   RO          890    .ARM.Collect$$libinit$$00000021  c_p.l(libinit2.o)
    0x00000156   0x00000156   0x00000000   Code   RO          892    .ARM.Collect$$libinit$$00000023  c_p.l(libinit2.o)
    0x00000156   0x00000156   0x00000000   Code   RO          894    .ARM.Collect$$libinit$$00000025  c_p.l(libinit2.o)
    0x00000156   0x00000156   0x00000000   Code   RO          898    .ARM.Collect$$libinit$$0000002C  c_p.l(libinit2.o)
    0x00000156   0x00000156   0x00000000   Code   RO          900    .ARM.Collect$$libinit$$0000002E  c_p.l(libinit2.o)
    0x00000156   0x00000156   0x00000000   Code   RO          902    .ARM.Collect$$libinit$$00000030  c_p.l(libinit2.o)
    0x00000156   0x00000156   0x00000000   Code   RO          904    .ARM.Collect$$libinit$$00000032  c_p.l(libinit2.o)
    0x00000156   0x00000156   0x00000002   Code   RO          905    .ARM.Collect$$libinit$$00000033  c_p.l(libinit2.o)
    0x00000158   0x00000158   0x00000002   Code   RO          935    .ARM.Collect$$libshutdown$$00000000  c_p.l(libshutdown.o)
    0x0000015a   0x0000015a   0x00000000   Code   RO          966    .ARM.Collect$$libshutdown$$00000002  c_p.l(libshutdown2.o)
    0x0000015a   0x0000015a   0x00000000   Code   RO          968    .ARM.Collect$$libshutdown$$00000004  c_p.l(libshutdown2.o)
    0x0000015a   0x0000015a   0x00000000   Code   RO          971    .ARM.Collect$$libshutdown$$00000007  c_p.l(libshutdown2.o)
    0x0000015a   0x0000015a   0x00000000   Code   RO          974    .ARM.Collect$$libshutdown$$0000000A  c_p.l(libshutdown2.o)
    0x0000015a   0x0000015a   0x00000000   Code   RO          976    .ARM.Collect$$libshutdown$$0000000C  c_p.l(libshutdown2.o)
    0x0000015a   0x0000015a   0x00000000   Code   RO          979    .ARM.Collect$$libshutdown$$0000000F  c_p.l(libshutdown2.o)
    0x0000015a   0x0000015a   0x00000002   Code   RO          980    .ARM.Collect$$libshutdown$$00000010  c_p.l(libshutdown2.o)
    0x0000015c   0x0000015c   0x00000000   Code   RO          784    .ARM.Collect$$rtentry$$00000000  c_p.l(__rtentry.o)
    0x0000015c   0x0000015c   0x00000000   Code   RO          804    .ARM.Collect$$rtentry$$00000002  c_p.l(__rtentry2.o)
    0x0000015c   0x0000015c   0x00000006   Code   RO          816    .ARM.Collect$$rtentry$$00000004  c_p.l(__rtentry4.o)
    0x00000162   0x00000162   0x00000000   Code   RO          806    .ARM.Collect$$rtentry$$00000009  c_p.l(__rtentry2.o)
    0x00000162   0x00000162   0x00000004   Code   RO          807    .ARM.Collect$$rtentry$$0000000A  c_p.l(__rtentry2.o)
    0x00000166   0x00000166   0x00000000   Code   RO          809    .ARM.Collect$$rtentry$$0000000C  c_p.l(__rtentry2.o)
    0x00000166   0x00000166   0x00000008   Code   RO          810    .ARM.Collect$$rtentry$$0000000D  c_p.l(__rtentry2.o)
    0x0000016e   0x0000016e   0x00000002   Code   RO          853    .ARM.Collect$$rtexit$$00000000  c_p.l(rtexit.o)
    0x00000170   0x00000170   0x00000000   Code   RO          909    .ARM.Collect$$rtexit$$00000002  c_p.l(rtexit2.o)
    0x00000170   0x00000170   0x00000004   Code   RO          910    .ARM.Collect$$rtexit$$00000003  c_p.l(rtexit2.o)
    0x00000174   0x00000174   0x00000006   Code   RO          911    .ARM.Collect$$rtexit$$00000004  c_p.l(rtexit2.o)
    0x0000017a   0x0000017a   0x00000002   PAD
    0x0000017c   0x0000017c   0x00000030   Code   RO           49    .text               startup_mspm0l130x_uvision.o
    0x000001ac   0x000001ac   0x0000001c   Code   RO          707    .text               c_p.l(noretval__2printf.o)
    0x000001c8   0x000001c8   0x0000006c   Code   RO          709    .text               c_p.l(__printf.o)
    0x00000234   0x00000234   0x0000006c   Code   RO          711    .text               c_p.l(_printf_dec.o)
    0x000002a0   0x000002a0   0x0000002c   Code   RO          735    .text               c_p.l(puts.o)
    0x000002cc   0x000002cc   0x00000006   Code   RO          747    .text               c_p.l(heapauxi.o)
    0x000002d2   0x000002d2   0x00000002   PAD
    0x000002d4   0x000002d4   0x0000007c   Code   RO          751    .text               fz_ps.l(d2f.o)
    0x00000350   0x00000350   0x00000358   Code   RO          753    .text               fz_ps.l(daddsub.o)
    0x000006a8   0x000006a8   0x00000054   Code   RO          755    .text               fz_ps.l(f2d.o)
    0x000006fc   0x000006fc   0x00000160   Code   RO          775    .text               fz_ps.l(fdiv.o)
    0x0000085c   0x0000085c   0x0000004c   Code   RO          778    .text               fz_ps.l(ffixi.o)
    0x000008a8   0x000008a8   0x0000005e   Code   RO          780    .text               fz_ps.l(fflti.o)
    0x00000906   0x00000906   0x000000b0   Code   RO          789    .text               c_p.l(_printf_intcommon.o)
    0x000009b6   0x000009b6   0x00000002   PAD
    0x000009b8   0x000009b8   0x00000028   Code   RO          791    .text               c_p.l(_printf_char_file.o)
    0x000009e0   0x000009e0   0x00000028   Code   RO          794    .text               c_p.l(rtudiv10.o)
    0x00000a08   0x00000a08   0x00000030   Code   RO          820    .text               c_p.l(_printf_char_common.o)
    0x00000a38   0x00000a38   0x00000008   Code   RO          822    .text               c_p.l(ferror.o)
    0x00000a40   0x00000a40   0x00000064   Code   RO          826    .text               fz_ps.l(fcmpin.o)
    0x00000aa4   0x00000aa4   0x0000003e   Code   RO          828    .text               c_p.l(sys_stackheap_outer.o)
    0x00000ae2   0x00000ae2   0x00000010   Code   RO          833    .text               c_p.l(exit.o)
    0x00000af2   0x00000af2   0x0000002e   Code   RO          845    .text               fz_ps.l(cmpret.o)
    0x00000b20   0x00000b20   0x00000010   Code   RO          847    .text               fz_ps.l(fnan2.o)
    0x00000b30   0x00000b30   0x00000008   Code   RO          849    .text               c_p.l(libspace.o)
    0x00000b38   0x00000b38   0x0000005e   Code   RO          906    .text               fz_ps.l(retnan.o)
    0x00000b96   0x00000b96   0x00000002   PAD
    0x00000b98   0x00000b98   0x00000028   Code   RO          176    .text.ADC0_IRQHandler  bsp_adc.o
    0x00000bc0   0x00000bc0   0x00000040   Code   RO          692    .text.DL_ADC12_setClockConfig  dl_adc12.o
    0x00000c00   0x00000c00   0x0000000a   Code   RO          681    .text.DL_Common_delayCycles  dl_common.o
    0x00000c0a   0x00000c0a   0x0000002c   Code   RO          471    .text.DL_I2C_fillControllerTXFIFO  dl_i2c.o
    0x00000c36   0x00000c36   0x00000026   Code   RO          467    .text.DL_I2C_setClockConfig  dl_i2c.o
    0x00000c5c   0x00000c5c   0x000000c0   Code   RO          344    .text.DL_Timer_initPWMMode  dl_timer.o
    0x00000d1c   0x00000d1c   0x000000f0   Code   RO          326    .text.DL_Timer_initTimerMode  dl_timer.o
    0x00000e0c   0x00000e0c   0x0000001c   Code   RO          358    .text.DL_Timer_setCaptCompUpdateMethod  dl_timer.o
    0x00000e28   0x00000e28   0x00000018   Code   RO          348    .text.DL_Timer_setCaptureCompareOutCtl  dl_timer.o
    0x00000e40   0x00000e40   0x00000010   Code   RO          328    .text.DL_Timer_setCaptureCompareValue  dl_timer.o
    0x00000e50   0x00000e50   0x0000001c   Code   RO          322    .text.DL_Timer_setClockConfig  dl_timer.o
    0x00000e6c   0x00000e6c   0x00000048   Code   RO          281    .text.DL_UART_init  dl_uart.o
    0x00000eb4   0x00000eb4   0x00000012   Code   RO          283    .text.DL_UART_setClockConfig  dl_uart.o
    0x00000ec6   0x00000ec6   0x00000002   PAD
    0x00000ec8   0x00000ec8   0x00000268   Code   RO          114    .text.GROUP1_IRQHandler  board.o
    0x00001130   0x00001130   0x0000000e   Code   RO          154    .text.PIDController_Init  pid.o
    0x0000113e   0x0000113e   0x000000be   Code   RO          156    .text.PIDController_Update  pid.o
    0x000011fc   0x000011fc   0x00000130   Code   RO          158    .text.PIDController_yaw_Update  pid.o
    0x0000132c   0x0000132c   0x00000094   Code   RO           60    .text.SYSCFG_DL_GPIO_init  ti_msp_dl_config.o
    0x000013c0   0x000013c0   0x00000054   Code   RO           68    .text.SYSCFG_DL_I2C0_init  ti_msp_dl_config.o
    0x00001414   0x00001414   0x00000024   Code   RO           62    .text.SYSCFG_DL_SYSCTL_init  ti_msp_dl_config.o
    0x00001438   0x00001438   0x00000018   Code   RO           74    .text.SYSCFG_DL_SYSTICK_init  ti_msp_dl_config.o
    0x00001450   0x00001450   0x00000038   Code   RO           66    .text.SYSCFG_DL_TIMER_0_init  ti_msp_dl_config.o
    0x00001488   0x00001488   0x0000007c   Code   RO           70    .text.SYSCFG_DL_UART_0_init  ti_msp_dl_config.o
    0x00001504   0x00001504   0x00000068   Code   RO           72    .text.SYSCFG_DL_adc_init  ti_msp_dl_config.o
    0x0000156c   0x0000156c   0x00000028   Code   RO           56    .text.SYSCFG_DL_init  ti_msp_dl_config.o
    0x00001594   0x00001594   0x00000054   Code   RO           58    .text.SYSCFG_DL_initPower  ti_msp_dl_config.o
    0x000015e8   0x000015e8   0x00000080   Code   RO           64    .text.SYSCFG_DL_motor_pwm_init  ti_msp_dl_config.o
    0x00001668   0x00001668   0x00000058   Code   RO          110    .text.TIMG0_IRQHandler  board.o
    0x000016c0   0x000016c0   0x0000008c   Code   RO          116    .text.UART0_IRQHandler  board.o
    0x0000174c   0x0000174c   0x00000002   Code   RO          106    .text._sys_exit     board.o
    0x0000174e   0x0000174e   0x00000002   PAD
    0x00001750   0x00001750   0x0000004c   Code   RO           92    .text.board_init    board.o
    0x0000179c   0x0000179c   0x00000060   Code   RO          208    .text.copeJY901_data  bsp_jy901.o
    0x000017fc   0x000017fc   0x00000034   Code   RO           96    .text.delay_ms      board.o
    0x00001830   0x00001830   0x00000014   Code   RO          108    .text.fputc         board.o
    0x00001844   0x00001844   0x0000003c   Code   RO          256    .text.i2c_app_read  i2c_app.o
    0x00001880   0x00001880   0x00000098   Code   RO          254    .text.i2c_app_write  i2c_app.o
    0x00001918   0x00001918   0x00001104   Code   RO            4    .text.main          empty.o
    0x00002a1c   0x00002a1c   0x00000020   Code   RO          143    .text.motor_control  motor.o
    0x00002a3c   0x00002a3c   0x00000078   Code   RO          141    .text.per_motor_control  motor.o
    0x00002ab4   0x00002ab4   0x0000016e   Code   RO          245    .text.trace_check   trace.o
    0x00002c22   0x00002c22   0x00000002   PAD
    0x00002c24   0x00002c24   0x00000048   Code   RO          160    .text.yaw_return    pid.o
    0x00002c6c   0x00002c6c   0x00000016   Code   RO          763    i._feq              fz_ps.l(fcmp.o)
    0x00002c82   0x00002c82   0x00000016   Code   RO          764    i._fgeq             fz_ps.l(fcmp.o)
    0x00002c98   0x00002c98   0x00000016   Code   RO          765    i._fgr              fz_ps.l(fcmp.o)
    0x00002cae   0x00002cae   0x0000001a   Code   RO          766    i._fleq             fz_ps.l(fcmp.o)
    0x00002cc8   0x00002cc8   0x00000016   Code   RO          767    i._fls              fz_ps.l(fcmp.o)
    0x00002cde   0x00002cde   0x00000002   PAD
    0x00002ce0   0x00002ce0   0x0000008c   Code   RO          757    x$fpl$fadd          fz_ps.l(faddsub.o)
    0x00002d6c   0x00002d6c   0x00000054   Code   RO          796    x$fpl$feqf          fz_ps.l(feqf.o)
    0x00002dc0   0x00002dc0   0x00000054   Code   RO          798    x$fpl$fgeqf         fz_ps.l(fgef.o)
    0x00002e14   0x00002e14   0x00000054   Code   RO          800    x$fpl$fleqf         fz_ps.l(flef.o)
    0x00002e68   0x00002e68   0x000000b0   Code   RO          782    x$fpl$fmul          fz_ps.l(fmul.o)
    0x00002f18   0x00002f18   0x000000d0   Code   RO          759    x$fpl$fsub          fz_ps.l(faddsub.o)
    0x00002fe8   0x00002fe8   0x00000000   Code   RO          802    x$fpl$usenofp       fz_ps.l(usenofp.o)
    0x00002fe8   0x00002fe8   0x00000040   Data   RO          776    .constdata          fz_ps.l(fdiv.o)
    0x00003028   0x00003028   0x00000002   Data   RO           80    .rodata.gI2C0ClockConfig  ti_msp_dl_config.o
    0x0000302a   0x0000302a   0x00000003   Data   RO           78    .rodata.gTIMER_0ClockConfig  ti_msp_dl_config.o
    0x0000302d   0x0000302d   0x00000003   PAD
    0x00003030   0x00003030   0x00000014   Data   RO           79    .rodata.gTIMER_0TimerConfig  ti_msp_dl_config.o
    0x00003044   0x00003044   0x00000002   Data   RO           81    .rodata.gUART_0ClockConfig  ti_msp_dl_config.o
    0x00003046   0x00003046   0x0000000a   Data   RO           82    .rodata.gUART_0Config  ti_msp_dl_config.o
    0x00003050   0x00003050   0x00000008   Data   RO           83    .rodata.gadcClockConfig  ti_msp_dl_config.o
    0x00003058   0x00003058   0x00000003   Data   RO           76    .rodata.gmotor_pwmClockConfig  ti_msp_dl_config.o
    0x0000305b   0x0000305b   0x00000001   PAD
    0x0000305c   0x0000305c   0x00000008   Data   RO           77    .rodata.gmotor_pwmConfig  ti_msp_dl_config.o
    0x00003064   0x00003064   0x00000004   PAD
    0x00003068   0x00003068   0x00000020   Data   RO          982    Region$$Table       anon$$obj.o


    Execution Region RW_IRAM2 (Exec base: 0x20000000, Load base: 0x00003088, Size: 0x00000480, Max: 0x00001000, ABSOLUTE)

    Exec Addr    Load Addr    Size         Type   Attr      Idx    E Section Name        Object

    0x20000000   0x00003088   0x00000004   Data   RW          258    .data.I2CTimeout    i2c_app.o
    0x20000004   0x0000308c   0x00000048   Data   RW          145    .data.defaultwheel  motor.o
    0x2000004c   0x000030d4   0x00000001   Data   RW           20    .data.event_lock    empty.o
    0x2000004d   0x000030d5   0x00000003   PAD
    0x20000050   0x000030d8   0x00000004   Data   RW            6    .data.motor_BasePower  empty.o
    0x20000054   0x000030dc   0x00000038   Data   RW           17    .data.pid           empty.o
    0x2000008c   0x00003114   0x00000038   Data   RW           18    .data.trace_pid     empty.o
    0x200000c4   0x0000314c   0x00000038   Data   RW           19    .data.yaw_pid       empty.o
    0x200000fc   0x00003184   0x00000004   Data   RW           32    .data.yaw_step      empty.o
    0x20000100        -       0x00000060   Zero   RW          850    .bss                c_p.l(libspace.o)
    0x20000160        -       0x00000001   Zero   RW          127    .bss.GROUP1_IRQHandler.key_lock  board.o
    0x20000161        -       0x00000001   Zero   RW          130    .bss.Serial_RxFlag  board.o
    0x20000162        -       0x00000064   Zero   RW          131    .bss.Serial_RxPacket  board.o
    0x200001c6   0x00003188   0x00000002   PAD
    0x200001c8        -       0x00000004   Zero   RW          126    .bss.TIMG0_IRQHandler.exp_time  board.o
    0x200001cc        -       0x00000001   Zero   RW          128    .bss.UART0_IRQHandler.RxState  board.o
    0x200001cd        -       0x00000001   Zero   RW          129    .bss.UART0_IRQHandler.pRxPacket  board.o
    0x200001ce   0x00003188   0x00000002   PAD
    0x200001d0        -       0x00000054   Zero   RW          132    .bss.__stdout       board.o
    0x20000224        -       0x00000002   Zero   RW          212    .bss.angle_yaw      bsp_jy901.o
    0x20000226   0x00003188   0x00000002   PAD
    0x20000228        -       0x00000004   Zero   RW          123    .bss.base_BackDirection  board.o
    0x2000022c        -       0x00000004   Zero   RW          122    .bss.base_direction  board.o
    0x20000230        -       0x0000000c   Zero   RW          210    .bss.copeJY901_data.rxBuffer  bsp_jy901.o
    0x2000023c        -       0x00000001   Zero   RW          211    .bss.copeJY901_data.rxCount  bsp_jy901.o
    0x2000023d        -       0x00000001   Zero   RW           27    .bss.distance_1m_flag  empty.o
    0x2000023e        -       0x00000001   Zero   RW           28    .bss.distance_1m_receive  empty.o
    0x2000023f   0x00003188   0x00000001   PAD
    0x20000240        -       0x00000004   Zero   RW           33    .bss.end_power_decelerate  empty.o
    0x20000244        -       0x00000001   Zero   RW           21    .bss.event_task     empty.o
    0x20000245        -       0x00000001   Zero   RW          178    .bss.gCheckADC1     bsp_adc.o
    0x20000246        -       0x00000001   Zero   RW          179    .bss.gCheckADC2     bsp_adc.o
    0x20000247        -       0x00000001   Zero   RW           23    .bss.ground         empty.o
    0x20000248        -       0x00000004   Zero   RW          213    .bss.jy901_yaw      bsp_jy901.o
    0x2000024c        -       0x00000001   Zero   RW           31    .bss.line_no_check  empty.o
    0x2000024d   0x00003188   0x00000003   PAD
    0x20000250        -       0x00000004   Zero   RW           25    .bss.nearget_downpower  empty.o
    0x20000254        -       0x00000001   Zero   RW           22    .bss.nearingTheEnd  empty.o
    0x20000255        -       0x00000001   Zero   RW          118    .bss.sound_flag     board.o
    0x20000256        -       0x00000001   Zero   RW          119    .bss.start_flag     board.o
    0x20000257   0x00003188   0x00000001   PAD
    0x20000258        -       0x00000004   Zero   RW           34    .bss.start_power_decelerate  empty.o
    0x2000025c        -       0x00000004   Zero   RW          121    .bss.sys_time_1ms   board.o
    0x20000260        -       0x00000001   Zero   RW          120    .bss.task           board.o
    0x20000261   0x00003188   0x00000003   PAD
    0x20000264        -       0x00000008   Zero   RW           24    .bss.task4_power_plus  empty.o
    0x2000026c        -       0x00000004   Zero   RW           35    .bss.trace_decelerate_time  empty.o
    0x20000270        -       0x00000001   Zero   RW           30    .bss.trace_flag     empty.o
    0x20000271   0x00003188   0x00000001   PAD
    0x20000272        -       0x00000002   Zero   RW           29    .bss.turn_on_first  empty.o
    0x20000274        -       0x00000001   Zero   RW           36    .bss.yaw_control_flag  empty.o
    0x20000275   0x00003188   0x00000003   PAD
    0x20000278        -       0x00000004   Zero   RW           37    .bss.yaw_expt       empty.o
    0x2000027c   0x00003188   0x00000004   PAD
    0x20000280        -       0x00000100   Zero   RW           47    HEAP                startup_mspm0l130x_uvision.o
    0x20000380        -       0x00000100   Zero   RW           46    STACK               startup_mspm0l130x_uvision.o



  Load Region LR_BCR (Base: 0x41c00000, Size: 0x00000000, Max: 0x00000100, ABSOLUTE)

    Execution Region BCR_CONFIG (Exec base: 0x41c00000, Load base: 0x41c00000, Size: 0x00000000, Max: 0x00000080, ABSOLUTE)

    **** No section assigned to this execution region ****



  Load Region LR_BSL (Base: 0x41c00100, Size: 0x00000000, Max: 0x00000100, ABSOLUTE)

    Execution Region BSL_CONFIG (Exec base: 0x41c00100, Load base: 0x41c00100, Size: 0x00000000, Max: 0x00000080, ABSOLUTE)

    **** No section assigned to this execution region ****


==============================================================================

Image component sizes


      Code (inc. data)   RO Data    RW Data    ZI Data      Debug   Object Name

       994        156          0          0        207      20265   board.o
        40         12          0          0          2       4738   bsp_adc.o
        96         20          0          0         19        907   bsp_jy901.o
        64          8          0          0          0       4405   dl_adc12.o
        10          0          0          0          0        552   dl_common.o
        82          0          0          0          0       8279   dl_i2c.o
       528        192          0          0          0      28186   dl_timer.o
        90          8          0          0          0      13764   dl_uart.o
      4356        532          0        177         38       7994   empty.o
       212         16          0          4          0       5387   i2c_app.o
       152         12          0         72          0       6802   motor.o
       580         32          0          0          0       1957   pid.o
        48         22        192          0        512        660   startup_mspm0l130x_uvision.o
       828        180         56          0          0      33190   ti_msp_dl_config.o
       366        256          0          0          0       1003   trace.o

    ----------------------------------------------------------------------
      8452       1446        288        256        800     138089   Object Totals
         0          0         32          0          0          0   (incl. Generated)
         6          0          8          3         22          0   (incl. Padding)

    ----------------------------------------------------------------------

      Code (inc. data)   RO Data    RW Data    ZI Data      Debug   Library Member Name

         8          0          0          0          0         68   __main.o
       108          0          0          0          0         76   __printf.o
         0          0          0          0          0          0   __rtentry.o
        12          0          0          0          0          0   __rtentry2.o
         6          0          0          0          0          0   __rtentry4.o
        60          8          0          0          0          0   __scatter.o
        26          0          0          0          0          0   __scatter_copy.o
        28          0          0          0          0          0   __scatter_zi.o
        48          6          0          0          0         88   _printf_char_common.o
        40          6          0          0          0         72   _printf_char_file.o
        10          0          0          0          0          0   _printf_d.o
       108         18          0          0          0         76   _printf_dec.o
       176          0          0          0          0         84   _printf_intcommon.o
         2          0          0          0          0          0   _printf_percent.o
         4          0          0          0          0          0   _printf_percent_end.o
        16          0          0          0          0         68   exit.o
         8          0          0          0          0         60   ferror.o
         6          0          0          0          0        136   heapauxi.o
         2          0          0          0          0          0   libinit.o
         2          0          0          0          0          0   libinit2.o
         2          0          0          0          0          0   libshutdown.o
         2          0          0          0          0          0   libshutdown2.o
         8          4          0          0         96         68   libspace.o
        28          6          0          0          0         84   noretval__2printf.o
        44          6          0          0          0         68   puts.o
         2          0          0          0          0          0   rtexit.o
        10          0          0          0          0          0   rtexit2.o
        40          0          0          0          0         60   rtudiv10.o
        62          0          0          0          0         80   sys_stackheap_outer.o
        46          0          0          0          0         60   cmpret.o
       124          4          0          0          0         72   d2f.o
       856         20          0          0          0        208   daddsub.o
        84          4          0          0          0         60   f2d.o
       348          8          0          0          0        160   faddsub.o
       114          0          0          0          0        340   fcmp.o
       100          4          0          0          0         68   fcmpin.o
       352         10         64          0          0         92   fdiv.o
        84          4          0          0          0         76   feqf.o
        76          0          0          0          0         68   ffixi.o
        94          0          0          0          0         92   fflti.o
        84          4          0          0          0         76   fgef.o
        84          4          0          0          0         76   flef.o
       176          4          0          0          0         80   fmul.o
        16          6          0          0          0         68   fnan2.o
        94          0          0          0          0         68   retnan.o
         0          0          0          0          0          0   usenofp.o

    ----------------------------------------------------------------------
      3620        130         64          0         96       2752   Library Totals
        20          4          0          0          0          0   (incl. Padding)

    ----------------------------------------------------------------------

      Code (inc. data)   RO Data    RW Data    ZI Data      Debug   Library Name

       868         54          0          0         96       1088   c_p.l
      2732         72         64          0          0       1664   fz_ps.l

    ----------------------------------------------------------------------
      3620        130         64          0         96       2752   Library Totals

    ----------------------------------------------------------------------

==============================================================================


      Code (inc. data)   RO Data    RW Data    ZI Data      Debug   

     12072       1576        352        256        896     139269   Grand Totals
     12072       1576        352        256        896     139269   ELF Image Totals
     12072       1576        352        256          0          0   ROM Totals

==============================================================================

    Total RO  Size (Code + RO Data)                12424 (  12.13kB)
    Total RW  Size (RW Data + ZI Data)              1152 (   1.13kB)
    Total ROM Size (Code + RO Data + RW Data)      12680 (  12.38kB)

==============================================================================

