<html>
<body>
<pre>
<h1>礦ision Build Log</h1>
<h2>Tool Versions:</h2>
IDE-Version: μVision V5.30.0.0
Copyright (C) 2020 ARM Ltd and ARM Germany GmbH. All rights reserved.
License Information: A Admin, A, LIC=FYKYW-QXHS8-454T5-GZFJK-B9KMI-T4G57
 
Tool Versions:
Toolchain:       MDK-ARM Plus  Version: 5.30.0.0
Toolchain Path:  E:\Keil_v5\ARM\ARMCLANG\Bin
C Compiler:      ArmClang.exe V6.14
Assembler:       Armasm.exe V6.14
Linker/Locator:  ArmLink.exe V6.14
Library Manager: ArmAr.exe V6.14
Hex Converter:   FromElf.exe V6.14
CPU DLL:         SARMCM3.DLL V5.30.0.0
Dialog DLL:      DARMCM1.DLL V1.19.3.0
Target DLL:      Segger\JL2CM3.dll V2.99.38.0
Dialog DLL:      TARMCM1.DLL V1.14.2.0
 
<h2>Project:</h2>
f:\ti\mspm0_sdk_1_10_00_05\car_ti _s\keil\empty_LP_MSPM0L1306_nortos_keil.uvprojx
Project File Date:  07/30/2024

<h2>Output:</h2>
*** Using Compiler 'V6.14', folder: 'E:\Keil_v5\ARM\ARMCLANG\Bin'
Build target 'empty_LP_MSPM0L1306_nortos_keil'
Before Build - User command #1: cmd.exe /C "f:\ti\mspm0_sdk_1_10_00_05\car_ti _s\keil\../../tools/keil/syscfg.bat 'f:\ti\mspm0_sdk_1_10_00_05\car_ti _s\keil\' empty.syscfg"
'f:\ti\mspm0_sdk_1_10_00_05\car_ti' 不是内部或外部命令，也不是可运行的程序
或批处理文件。
compiling empty.c...
linking...
Program Size: Code=12072 RO-data=352 RW-data=256 ZI-data=896  
FromELF: creating hex file...
".\Objects\empty_LP_MSPM0L1306_nortos_keil.axf" - 0 Error(s), 0 Warning(s).

<h2>Software Packages used:</h2>

Package Vendor: TexasInstruments
                https://software-dl.ti.com/msp430/esd/MSPM0-CMSIS/MSPM0L11XX_L13XX/latest/exports/TexasInstruments.MSPM0L11XX_L13XX_DFP.1.3.1.pack
                TexasInstruments.MSPM0L11XX_L13XX_DFP.1.3.1
                Device Family Pack for Texas Instruments MSPM0L11XX_L13XX Series

<h2>Collection of Component include folders:</h2>
  .\RTE\_empty_LP_MSPM0L1306_nortos_keil

<h2>Collection of Component Files used:</h2>
Build Time Elapsed:  00:00:02
</pre>
</body>
</html>
